Archive member included to satisfy reference by file (symbol)

d:/stm32cubeide_1.8.0/stm32cubeide/plugins/com.st.stm32cube.ide.mcu.externaltools.gnu-tools-for-stm32.9-2020-q2-update.win32_2.0.0.202105311346/tools/bin/../lib/gcc/arm-none-eabi/9.3.1/../../../../arm-none-eabi/lib/thumb/v7e-m+fp/hard\libc_nano.a(lib_a-atoi.o)
                              ./Core/Src/main.o (atoi)
d:/stm32cubeide_1.8.0/stm32cubeide/plugins/com.st.stm32cube.ide.mcu.externaltools.gnu-tools-for-stm32.9-2020-q2-update.win32_2.0.0.202105311346/tools/bin/../lib/gcc/arm-none-eabi/9.3.1/../../../../arm-none-eabi/lib/thumb/v7e-m+fp/hard\libc_nano.a(lib_a-errno.o)
                              ./Core/Src/syscalls.o (__errno)
d:/stm32cubeide_1.8.0/stm32cubeide/plugins/com.st.stm32cube.ide.mcu.externaltools.gnu-tools-for-stm32.9-2020-q2-update.win32_2.0.0.202105311346/tools/bin/../lib/gcc/arm-none-eabi/9.3.1/../../../../arm-none-eabi/lib/thumb/v7e-m+fp/hard\libc_nano.a(lib_a-exit.o)
                              d:/stm32cubeide_1.8.0/stm32cubeide/plugins/com.st.stm32cube.ide.mcu.externaltools.gnu-tools-for-stm32.9-2020-q2-update.win32_2.0.0.202105311346/tools/bin/../lib/gcc/arm-none-eabi/9.3.1/../../../../arm-none-eabi/lib/thumb/v7e-m+fp/hard/crt0.o (exit)
d:/stm32cubeide_1.8.0/stm32cubeide/plugins/com.st.stm32cube.ide.mcu.externaltools.gnu-tools-for-stm32.9-2020-q2-update.win32_2.0.0.202105311346/tools/bin/../lib/gcc/arm-none-eabi/9.3.1/../../../../arm-none-eabi/lib/thumb/v7e-m+fp/hard\libc_nano.a(lib_a-findfp.o)
                              ./Middlewares/Third_Party/FreeRTOS/Source/tasks.o (__sf_fake_stderr)
d:/stm32cubeide_1.8.0/stm32cubeide/plugins/com.st.stm32cube.ide.mcu.externaltools.gnu-tools-for-stm32.9-2020-q2-update.win32_2.0.0.202105311346/tools/bin/../lib/gcc/arm-none-eabi/9.3.1/../../../../arm-none-eabi/lib/thumb/v7e-m+fp/hard\libc_nano.a(lib_a-fwalk.o)
                              d:/stm32cubeide_1.8.0/stm32cubeide/plugins/com.st.stm32cube.ide.mcu.externaltools.gnu-tools-for-stm32.9-2020-q2-update.win32_2.0.0.202105311346/tools/bin/../lib/gcc/arm-none-eabi/9.3.1/../../../../arm-none-eabi/lib/thumb/v7e-m+fp/hard\libc_nano.a(lib_a-findfp.o) (_fwalk)
d:/stm32cubeide_1.8.0/stm32cubeide/plugins/com.st.stm32cube.ide.mcu.externaltools.gnu-tools-for-stm32.9-2020-q2-update.win32_2.0.0.202105311346/tools/bin/../lib/gcc/arm-none-eabi/9.3.1/../../../../arm-none-eabi/lib/thumb/v7e-m+fp/hard\libc_nano.a(lib_a-impure.o)
                              d:/stm32cubeide_1.8.0/stm32cubeide/plugins/com.st.stm32cube.ide.mcu.externaltools.gnu-tools-for-stm32.9-2020-q2-update.win32_2.0.0.202105311346/tools/bin/../lib/gcc/arm-none-eabi/9.3.1/../../../../arm-none-eabi/lib/thumb/v7e-m+fp/hard\libc_nano.a(lib_a-exit.o) (_global_impure_ptr)
d:/stm32cubeide_1.8.0/stm32cubeide/plugins/com.st.stm32cube.ide.mcu.externaltools.gnu-tools-for-stm32.9-2020-q2-update.win32_2.0.0.202105311346/tools/bin/../lib/gcc/arm-none-eabi/9.3.1/../../../../arm-none-eabi/lib/thumb/v7e-m+fp/hard\libc_nano.a(lib_a-init.o)
                              d:/stm32cubeide_1.8.0/stm32cubeide/plugins/com.st.stm32cube.ide.mcu.externaltools.gnu-tools-for-stm32.9-2020-q2-update.win32_2.0.0.202105311346/tools/bin/../lib/gcc/arm-none-eabi/9.3.1/../../../../arm-none-eabi/lib/thumb/v7e-m+fp/hard/crt0.o (__libc_init_array)
d:/stm32cubeide_1.8.0/stm32cubeide/plugins/com.st.stm32cube.ide.mcu.externaltools.gnu-tools-for-stm32.9-2020-q2-update.win32_2.0.0.202105311346/tools/bin/../lib/gcc/arm-none-eabi/9.3.1/../../../../arm-none-eabi/lib/thumb/v7e-m+fp/hard\libc_nano.a(lib_a-lock.o)
                              d:/stm32cubeide_1.8.0/stm32cubeide/plugins/com.st.stm32cube.ide.mcu.externaltools.gnu-tools-for-stm32.9-2020-q2-update.win32_2.0.0.202105311346/tools/bin/../lib/gcc/arm-none-eabi/9.3.1/../../../../arm-none-eabi/lib/thumb/v7e-m+fp/hard\libc_nano.a(lib_a-findfp.o) (__retarget_lock_init_recursive)
d:/stm32cubeide_1.8.0/stm32cubeide/plugins/com.st.stm32cube.ide.mcu.externaltools.gnu-tools-for-stm32.9-2020-q2-update.win32_2.0.0.202105311346/tools/bin/../lib/gcc/arm-none-eabi/9.3.1/../../../../arm-none-eabi/lib/thumb/v7e-m+fp/hard\libc_nano.a(lib_a-memchr.o)
                              ./Core/Src/main.o (memchr)
d:/stm32cubeide_1.8.0/stm32cubeide/plugins/com.st.stm32cube.ide.mcu.externaltools.gnu-tools-for-stm32.9-2020-q2-update.win32_2.0.0.202105311346/tools/bin/../lib/gcc/arm-none-eabi/9.3.1/../../../../arm-none-eabi/lib/thumb/v7e-m+fp/hard\libc_nano.a(lib_a-memcmp.o)
                              ./Core/Src/main.o (memcmp)
d:/stm32cubeide_1.8.0/stm32cubeide/plugins/com.st.stm32cube.ide.mcu.externaltools.gnu-tools-for-stm32.9-2020-q2-update.win32_2.0.0.202105311346/tools/bin/../lib/gcc/arm-none-eabi/9.3.1/../../../../arm-none-eabi/lib/thumb/v7e-m+fp/hard\libc_nano.a(lib_a-memcpy-stub.o)
                              ./Core/Src/main.o (memcpy)
[...]
Memory Configuration

Name             Origin             Length             Attributes
CCMRAM           0x0000000010000000 0x0000000000010000 xrw
RAM              0x0000000020000000 0x0000000000020000 xrw
FLASH            0x0000000008000000 0x0000000000100000 xr
*default*        0x0000000000000000 0xffffffffffffffff

Linker script and memory map

LOAD d:/stm32cubeide_1.8.0/stm32cubeide/plugins/com.st.stm32cube.ide.mcu.externaltools.gnu-tools-for-stm32.9-2020-q2-update.win32_2.0.0.202105311346/tools/bin/../lib/gcc/arm-none-eabi/9.3.1/thumb/v7e-m+fp/hard/crti.o
LOAD d:/stm32cubeide_1.8.0/stm32cubeide/plugins/com.st.stm32cube.ide.mcu.externaltools.gnu-tools-for-stm32.9-2020-q2-update.win32_2.0.0.202105311346/tools/bin/../lib/gcc/arm-none-eabi/9.3.1/thumb/v7e-m+fp/hard/crtbegin.o
LOAD d:/stm32cubeide_1.8.0/stm32cubeide/plugins/com.st.stm32cube.ide.mcu.externaltools.gnu-tools-for-stm32.9-2020-q2-update.win32_2.0.0.202105311346/tools/bin/../lib/gcc/arm-none-eabi/9.3.1/../../../../arm-none-eabi/lib/thumb/v7e-m+fp/hard/crt0.o
LOAD ./Core/Src/freertos.o
LOAD ./Core/Src/main.o
LOAD ./Core/Src/stm32f4xx_hal_msp.o
LOAD ./Core/Src/stm32f4xx_hal_timebase_tim.o
LOAD ./Core/Src/stm32f4xx_it.o
LOAD ./Core/Src/syscalls.o
LOAD ./Core/Src/sysmem.o
LOAD ./Core/Src/system_stm32f4xx.o
LOAD ./Core/Startup/startup_stm32f405rgtx.o
LOAD ./Drivers/STM32F4xx_HAL_Driver/Src/stm32f4xx_hal.o
LOAD ./Drivers/STM32F4xx_HAL_Driver/Src/stm32f4xx_hal_cortex.o
LOAD ./Drivers/STM32F4xx_HAL_Driver/Src/stm32f4xx_hal_dma.o
LOAD ./Drivers/STM32F4xx_HAL_Driver/Src/stm32f4xx_hal_dma_ex.o
LOAD ./Drivers/STM32F4xx_HAL_Driver/Src/stm32f4xx_hal_exti.o
LOAD ./Drivers/STM32F4xx_HAL_Driver/Src/stm32f4xx_hal_flash.o
LOAD ./Drivers/STM32F4xx_HAL_Driver/Src/stm32f4xx_hal_flash_ex.o
LOAD ./Drivers/STM32F4xx_HAL_Driver/Src/stm32f4xx_hal_flash_ramfunc.o
LOAD ./Drivers/STM32F4xx_HAL_Driver/Src/stm32f4xx_hal_gpio.o
LOAD ./Drivers/STM32F4xx_HAL_Driver/Src/stm32f4xx_hal_iwdg.o
LOAD ./Drivers/STM32F4xx_HAL_Driver/Src/stm32f4xx_hal_pcd.o
LOAD ./Drivers/STM32F4xx_HAL_Driver/Src/stm32f4xx_hal_pcd_ex.o
LOAD ./Drivers/STM32F4xx_HAL_Driver/Src/stm32f4xx_hal_pwr.o
LOAD ./Drivers/STM32F4xx_HAL_Driver/Src/stm32f4xx_hal_pwr_ex.o
LOAD ./Drivers/STM32F4xx_HAL_Driver/Src/stm32f4xx_hal_rcc.o
LOAD ./Drivers/STM32F4xx_HAL_Driver/Src/stm32f4xx_hal_rcc_ex.o
LOAD ./Drivers/STM32F4xx_HAL_Driver/Src/stm32f4xx_hal_tim.o
LOAD ./Drivers/STM32F4xx_HAL_Driver/Src/stm32f4xx_hal_tim_ex.o
LOAD ./Drivers/STM32F4xx_HAL_Driver/Src/stm32f4xx_ll_usb.o
LOAD ./Middlewares/ST/STM32_USB_Device_Library/Class/CDC/Src/usbd_cdc.o
LOAD ./Middlewares/ST/STM32_USB_Device_Library/Core/Src/usbd_core.o
LOAD ./Middlewares/ST/STM32_USB_Device_Library/Core/Src/usbd_ctlreq.o
LOAD ./Middlewares/ST/STM32_USB_Device_Library/Core/Src/usbd_ioreq.o
LOAD ./Middlewares/Third_Party/FreeRTOS/Source/CMSIS_RTOS_V2/cmsis_os2.o
LOAD ./Middlewares/Third_Party/FreeRTOS/Source/croutine.o
LOAD ./Middlewares/Third_Party/FreeRTOS/Source/event_groups.o
LOAD ./Middlewares/Third_Party/FreeRTOS/Source/list.o
LOAD ./Middlewares/Third_Party/FreeRTOS/Source/queue.o
LOAD ./Middlewares/Third_Party/FreeRTOS/Source/stream_buffer.o
LOAD ./Middlewares/Third_Party/FreeRTOS/Source/tasks.o
LOAD ./Middlewares/Third_Party/FreeRTOS/Source/timers.o
LOAD ./Middlewares/Third_Party/FreeRTOS/Source/portable/GCC/ARM_CM4F/port.o
LOAD ./Middlewares/Third_Party/FreeRTOS/Source/portable/MemMang/heap_4.o
LOAD ./USB_DEVICE/App/usb_device.o
LOAD ./USB_DEVICE/App/usbd_cdc_if.o
LOAD ./USB_DEVICE/App/usbd_desc.o
LOAD ./USB_DEVICE/Target/usbd_conf.o
START GROUP
LOAD d:/stm32cubeide_1.8.0/stm32cubeide/plugins/com.st.stm32cube.ide.mcu.externaltools.gnu-tools-for-stm32.9-2020-q2-update.win32_2.0.0.202105311346/tools/bin/../lib/gcc/arm-none-eabi/9.3.1/../../../../arm-none-eabi/lib/thumb/v7e-m+fp/hard\libc_nano.a
LOAD d:/stm32cubeide_1.8.0/stm32cubeide/plugins/com.st.stm32cube.ide.mcu.externaltools.gnu-tools-for-stm32.9-2020-q2-update.win32_2.0.0.202105311346/tools/bin/../lib/gcc/arm-none-eabi/9.3.1/../../../../arm-none-eabi/lib/thumb/v7e-m+fp/hard\libm.a
END GROUP
START GROUP
LOAD d:/stm32cubeide_1.8.0/stm32cubeide/plugins/com.st.stm32cube.ide.mcu.externaltools.gnu-tools-for-stm32.9-2020-q2-update.win32_2.0.0.202105311346/tools/bin/../lib/gcc/arm-none-eabi/9.3.1/thumb/v7e-m+fp/hard\libgcc.a
LOAD d:/stm32cubeide_1.8.0/stm32cubeide/plugins/com.st.stm32cube.ide.mcu.externaltools.gnu-tools-for-stm32.9-2020-q2-update.win32_2.0.0.202105311346/tools/bin/../lib/gcc/arm-none-eabi/9.3.1/../../../../arm-none-eabi/lib/thumb/v7e-m+fp/hard\libc_nano.a
END GROUP
START GROUP
LOAD d:/stm32cubeide_1.8.0/stm32cubeide/plugins/com.st.stm32cube.ide.mcu.externaltools.gnu-tools-for-stm32.9-2020-q2-update.win32_2.0.0.202105311346/tools/bin/../lib/gcc/arm-none-eabi/9.3.1/thumb/v7e-m+fp/hard\libgcc.a
LOAD d:/stm32cubeide_1.8.0/stm32cubeide/plugins/com.st.stm32cube.ide.mcu.externaltools.gnu-tools-for-stm32.9-2020-q2-update.win32_2.0.0.202105311346/tools/bin/../lib/gcc/arm-none-eabi/9.3.1/../../../../arm-none-eabi/lib/thumb/v7e-m+fp/hard\libc_nano.a
LOAD d:/stm32cubeide_1.8.0/stm32cubeide/plugins/com.st.stm32cube.ide.mcu.externaltools.gnu-tools-for-stm32.9-2020-q2-update.win32_2.0.0.202105311346/tools/bin/../lib/gcc/arm-none-eabi/9.3.1/../../../../arm-none-eabi/lib/thumb/v7e-m+fp/hard\libnosys.a
END GROUP
START GROUP
LOAD d:/stm32cubeide_1.8.0/stm32cubeide/plugins/com.st.stm32cube.ide.mcu.externaltools.gnu-tools-for-stm32.9-2020-q2-update.win32_2.0.0.202105311346/tools/bin/../lib/gcc/arm-none-eabi/9.3.1/thumb/v7e-m+fp/hard\libgcc.a
LOAD d:/stm32cubeide_1.8.0/stm32cubeide/plugins/com.st.stm32cube.ide.mcu.externaltools.gnu-tools-for-stm32.9-2020-q2-update.win32_2.0.0.202105311346/tools/bin/../lib/gcc/arm-none-eabi/9.3.1/../../../../arm-none-eabi/lib/thumb/v7e-m+fp/hard\libc_nano.a
LOAD d:/stm32cubeide_1.8.0/stm32cubeide/plugins/com.st.stm32cube.ide.mcu.externaltools.gnu-tools-for-stm32.9-2020-q2-update.win32_2.0.0.202105311346/tools/bin/../lib/gcc/arm-none-eabi/9.3.1/../../../../arm-none-eabi/lib/thumb/v7e-m+fp/hard\libnosys.a
END GROUP
LOAD d:/stm32cubeide_1.8.0/stm32cubeide/plugins/com.st.stm32cube.ide.mcu.externaltools.gnu-tools-for-stm32.9-2020-q2-update.win32_2.0.0.202105311346/tools/bin/../lib/gcc/arm-none-eabi/9.3.1/thumb/v7e-m+fp/hard/crtend.o
LOAD d:/stm32cubeide_1.8.0/stm32cubeide/plugins/com.st.stm32cube.ide.mcu.externaltools.gnu-tools-for-stm32.9-2020-q2-update.win32_2.0.0.202105311346/tools/bin/../lib/gcc/arm-none-eabi/9.3.1/thumb/v7e-m+fp/hard/crtn.o
                0x0000000020020000                _estack = (ORIGIN (RAM) + LENGTH (RAM))
                0x0000000000000200                _Min_Heap_Size = 0x200
                0x0000000000000400                _Min_Stack_Size = 0x400

.isr_vector     0x0000000008000000      0x188
                0x0000000008000000                . = ALIGN (0x4)
 *(.isr_vector)
 .isr_vector    0x0000000008000000      0x188 ./Core/Startup/startup_stm32f405rgtx.o
                0x0000000008000000                g_pfnVectors
                0x0000000008000188                . = ALIGN (0x4)

.text           0x0000000008000190     0xbf6c
                0x0000000008000190                . = ALIGN (0x4)
 *(.text)
 .text          0x0000000008000190       0x40 d:/stm32cubeide_1.8.0/stm32cubeide/plugins/com.st.stm32cube.ide.mcu.externaltools.gnu-tools-for-stm32.9-2020-q2-update.win32_2.0.0.202105311346/tools/bin/../lib/gcc/arm-none-eabi/9.3.1/thumb/v7e-m+fp/hard/crtbegin.o
 .text          0x00000000080001d0       0xa0 d:/stm32cubeide_1.8.0/stm32cubeide/plugins/com.st.stm32cube.ide.mcu.externaltools.gnu-tools-for-stm32.9-2020-q2-update.win32_2.0.0.202105311346/tools/bin/../lib/gcc/arm-none-eabi/9.3.1/../../../../arm-none-eabi/lib/thumb/v7e-m+fp/hard\libc_nano.a(lib_a-memchr.o)
                0x00000000080001d0                memchr
 .text          0x0000000008000270       0x10 d:/stm32cubeide_1.8.0/stm32cubeide/plugins/com.st.stm32cube.ide.mcu.externaltools.gnu-tools-for-stm32.9-2020-q2-update.win32_2.0.0.202105311346/tools/bin/../lib/gcc/arm-none-eabi/9.3.1/../../../../arm-none-eabi/lib/thumb/v7e-m+fp/hard\libc_nano.a(lib_a-strlen.o)
                0x0000000008000270                strlen
 .text          0x0000000008000280       0x30 d:/stm32cubeide_1.8.0/stm32cubeide/plugins/com.st.stm32cube.ide.mcu.externaltools.gnu-tools-for-stm32.9-2020-q2-update.win32_2.0.0.202105311346/tools/bin/../lib/gcc/arm-none-eabi/9.3.1/thumb/v7e-m+fp/hard\libgcc.a(_aeabi_uldivmod.o)
                0x0000000008000280                __aeabi_uldivmod
 .text          0x00000000080002b0      0x2c4 d:/stm32cubeide_1.8.0/stm32cubeide/plugins/com.st.stm32cube.ide.mcu.externaltools.gnu-tools-for-stm32.9-2020-q2-update.win32_2.0.0.202105311346/tools/bin/../lib/gcc/arm-none-eabi/9.3.1/thumb/v7e-m+fp/hard\libgcc.a(_udivmoddi4.o)
                0x00000000080002b0                __udivmoddi4
 .text          0x0000000008000574        0x4 d:/stm32cubeide_1.8.0/stm32cubeide/plugins/com.st.stm32cube.ide.mcu.externaltools.gnu-tools-for-stm32.9-2020-q2-update.win32_2.0.0.202105311346/tools/bin/../lib/gcc/arm-none-eabi/9.3.1/thumb/v7e-m+fp/hard\libgcc.a(_dvmd_tls.o)
                0x0000000008000574                __aeabi_idiv0
                0x0000000008000574                __aeabi_ldiv0
 *(.text*)
 .text._write   0x0000000008000578       0x2c ./Core/Src/main.o
                0x0000000008000578                _write
 .text.main     0x00000000080005a4       0xf4 ./Core/Src/main.o
                0x00000000080005a4                main
 .text.SystemClock_Config
                0x0000000008000698       0xdc ./Core/Src/main.o
                0x0000000008000698                SystemClock_Config
 .text.MX_IWDG_Init
                0x0000000008000774       0x34 ./Core/Src/main.o
 .text.MX_GPIO_Init
                0x00000000080007a8       0xe4 ./Core/Src/main.o
 .text.CMD_Split
                0x000000000800088c      0x1c4 ./Core/Src/main.o
                0x000000000800088c                CMD_Split
 .text.Execute_CMD
                0x0000000008000a50      0x118 ./Core/Src/main.o
                0x0000000008000a50                Execute_CMD
 .text.CMD_Error_Handler
                0x0000000008000b68       0xa0 ./Core/Src/main.o
                0x0000000008000b68                CMD_Error_Handler
 .text.StartDefaultTask
                0x0000000008000c08      0x104 ./Core/Src/main.o
                0x0000000008000c08                StartDefaultTask
 .text.QueuePush
                0x0000000008000d0c       0x70 ./Core/Src/main.o
                0x0000000008000d0c                QueuePush
 .text.CMD_Resp
                0x0000000008000d7c       0x6c ./Core/Src/main.o
                0x0000000008000d7c                CMD_Resp
 .text.IWDG_Feed
                0x0000000008000de8       0x38 ./Core/Src/main.o
                0x0000000008000de8                IWDG_Feed
 .text.HAL_TIM_PeriodElapsedCallback
                0x0000000008000e20       0x24 ./Core/Src/main.o
                0x0000000008000e20                HAL_TIM_PeriodElapsedCallback
 .text.Error_Handler
                0x0000000008000e44        0xa ./Core/Src/main.o
                0x0000000008000e44                Error_Handler
 *fill*         0x0000000008000e4e        0x2 
 .text.HAL_MspInit
                0x0000000008000e50       0x58 ./Core/Src/stm32f4xx_hal_msp.o
                0x0000000008000e50                HAL_MspInit
 .text.HAL_InitTick
                0x0000000008000ea8       0xb0 ./Core/Src/stm32f4xx_hal_timebase_tim.o
                0x0000000008000ea8                HAL_InitTick
 .text.NMI_Handler
                0x0000000008000f58        0x6 ./Core/Src/stm32f4xx_it.o
                0x0000000008000f58                NMI_Handler
 .text.HardFault_Handler
                0x0000000008000f5e        0x6 ./Core/Src/stm32f4xx_it.o
                0x0000000008000f5e                HardFault_Handler
 .text.MemManage_Handler
                0x0000000008000f64        0x6 ./Core/Src/stm32f4xx_it.o
                0x0000000008000f64                MemManage_Handler
 .text.BusFault_Handler
                0x0000000008000f6a        0x6 ./Core/Src/stm32f4xx_it.o
                0x0000000008000f6a                BusFault_Handler
 .text.UsageFault_Handler
                0x0000000008000f70        0x6 ./Core/Src/stm32f4xx_it.o
                0x0000000008000f70                UsageFault_Handler
 .text.DebugMon_Handler
                0x0000000008000f76        0xe ./Core/Src/stm32f4xx_it.o
                0x0000000008000f76                DebugMon_Handler
 .text.TIM1_UP_TIM10_IRQHandler
                0x0000000008000f84       0x14 ./Core/Src/stm32f4xx_it.o
                0x0000000008000f84                TIM1_UP_TIM10_IRQHandler
 .text.OTG_FS_IRQHandler
                0x0000000008000f98       0x14 ./Core/Src/stm32f4xx_it.o
                0x0000000008000f98                OTG_FS_IRQHandler
 .text._read    0x0000000008000fac       0x3a ./Core/Src/syscalls.o
                0x0000000008000fac                _read
 .text._close   0x0000000008000fe6       0x18 ./Core/Src/syscalls.o
                0x0000000008000fe6                _close
 .text._fstat   0x0000000008000ffe       0x20 ./Core/Src/syscalls.o
                0x0000000008000ffe                _fstat
 .text._isatty  0x000000000800101e       0x16 ./Core/Src/syscalls.o
                0x000000000800101e                _isatty
 .text._lseek   0x0000000008001034       0x1a ./Core/Src/syscalls.o
                0x0000000008001034                _lseek
 *fill*         0x000000000800104e        0x2 
 .text._sbrk    0x0000000008001050       0x6c ./Core/Src/sysmem.o
                0x0000000008001050                _sbrk
 .text.SystemInit
                0x00000000080010bc       0x24 ./Core/Src/system_stm32f4xx.o
                0x00000000080010bc                SystemInit
 .text.Reset_Handler
                0x00000000080010e0       0x50 ./Core/Startup/startup_stm32f405rgtx.o
                0x00000000080010e0                Reset_Handler
 .text.Default_Handler
                0x0000000008001130        0x2 ./Core/Startup/startup_stm32f405rgtx.o
                0x0000000008001130                RTC_Alarm_IRQHandler
                0x0000000008001130                HASH_RNG_IRQHandler
                0x0000000008001130                EXTI2_IRQHandler
                0x0000000008001130                TIM8_CC_IRQHandler
                0x0000000008001130                TIM1_CC_IRQHandler
                0x0000000008001130                DMA2_Stream5_IRQHandler
                0x0000000008001130                DMA1_Stream5_IRQHandler
                0x0000000008001130                PVD_IRQHandler
                0x0000000008001130                SDIO_IRQHandler
                0x0000000008001130                TAMP_STAMP_IRQHandler
                0x0000000008001130                CAN2_RX1_IRQHandler
                0x0000000008001130                EXTI3_IRQHandler
                0x0000000008001130                TIM8_TRG_COM_TIM14_IRQHandler
                0x0000000008001130                TIM8_UP_TIM13_IRQHandler
                0x0000000008001130                I2C3_ER_IRQHandler
                0x0000000008001130                EXTI0_IRQHandler
                0x0000000008001130                I2C2_EV_IRQHandler
                0x0000000008001130                DMA1_Stream2_IRQHandler
                0x0000000008001130                CAN1_RX0_IRQHandler
                0x0000000008001130                FPU_IRQHandler
                0x0000000008001130                OTG_HS_WKUP_IRQHandler
                0x0000000008001130                CAN2_SCE_IRQHandler
                0x0000000008001130                DMA2_Stream2_IRQHandler
                0x0000000008001130                SPI1_IRQHandler
                0x0000000008001130                TIM6_DAC_IRQHandler
                0x0000000008001130                TIM1_BRK_TIM9_IRQHandler
                0x0000000008001130                CAN2_RX0_IRQHandler
                0x0000000008001130                DMA2_Stream3_IRQHandler
                0x0000000008001130                USART6_IRQHandler
                0x0000000008001130                USART3_IRQHandler
                0x0000000008001130                CAN1_RX1_IRQHandler
                0x0000000008001130                UART5_IRQHandler
                0x0000000008001130                DMA2_Stream0_IRQHandler
                0x0000000008001130                TIM4_IRQHandler
                0x0000000008001130                I2C1_EV_IRQHandler
                0x0000000008001130                DMA1_Stream6_IRQHandler
                0x0000000008001130                DMA1_Stream1_IRQHandler
                0x0000000008001130                UART4_IRQHandler
                0x0000000008001130                TIM3_IRQHandler
                0x0000000008001130                RCC_IRQHandler
                0x0000000008001130                TIM8_BRK_TIM12_IRQHandler
                0x0000000008001130                Default_Handler
                0x0000000008001130                EXTI15_10_IRQHandler
                0x0000000008001130                ADC_IRQHandler
                0x0000000008001130                DMA1_Stream7_IRQHandler
                0x0000000008001130                TIM7_IRQHandler
                0x0000000008001130                CAN2_TX_IRQHandler
                0x0000000008001130                TIM5_IRQHandler
                0x0000000008001130                DMA2_Stream7_IRQHandler
                0x0000000008001130                I2C3_EV_IRQHandler
                0x0000000008001130                EXTI9_5_IRQHandler
                0x0000000008001130                RTC_WKUP_IRQHandler
                0x0000000008001130                SPI2_IRQHandler
                0x0000000008001130                OTG_HS_EP1_IN_IRQHandler
                0x0000000008001130                DMA1_Stream0_IRQHandler
                0x0000000008001130                CAN1_TX_IRQHandler
                0x0000000008001130                EXTI4_IRQHandler
                0x0000000008001130                FSMC_IRQHandler
                0x0000000008001130                OTG_HS_EP1_OUT_IRQHandler
                0x0000000008001130                WWDG_IRQHandler
                0x0000000008001130                TIM2_IRQHandler
                0x0000000008001130                OTG_FS_WKUP_IRQHandler
                0x0000000008001130                TIM1_TRG_COM_TIM11_IRQHandler
                0x0000000008001130                OTG_HS_IRQHandler
                0x0000000008001130                EXTI1_IRQHandler
                0x0000000008001130                USART2_IRQHandler
                0x0000000008001130                I2C2_ER_IRQHandler
                0x0000000008001130                DMA2_Stream1_IRQHandler
                0x0000000008001130                CAN1_SCE_IRQHandler
                0x0000000008001130                FLASH_IRQHandler
                0x0000000008001130                DMA2_Stream4_IRQHandler
                0x0000000008001130                USART1_IRQHandler
                0x0000000008001130                SPI3_IRQHandler
                0x0000000008001130                DMA1_Stream4_IRQHandler
                0x0000000008001130                I2C1_ER_IRQHandler
                0x0000000008001130                DMA2_Stream6_IRQHandler
                0x0000000008001130                DMA1_Stream3_IRQHandler
 *fill*         0x0000000008001132        0x2 
 .text.HAL_Init
                0x0000000008001134       0x44 ./Drivers/STM32F4xx_HAL_Driver/Src/stm32f4xx_hal.o
                0x0000000008001134                HAL_Init
 .text.HAL_IncTick
                0x0000000008001178       0x28 ./Drivers/STM32F4xx_HAL_Driver/Src/stm32f4xx_hal.o
                0x0000000008001178                HAL_IncTick
 .text.HAL_GetTick
                0x00000000080011a0       0x18 ./Drivers/STM32F4xx_HAL_Driver/Src/stm32f4xx_hal.o
                0x00000000080011a0                HAL_GetTick
 .text.HAL_Delay
                0x00000000080011b8       0x48 ./Drivers/STM32F4xx_HAL_Driver/Src/stm32f4xx_hal.o
                0x00000000080011b8                HAL_Delay
 .text.__NVIC_SetPriorityGrouping
                0x0000000008001200       0x48 ./Drivers/STM32F4xx_HAL_Driver/Src/stm32f4xx_hal_cortex.o
 .text.__NVIC_GetPriorityGrouping
                0x0000000008001248       0x1c ./Drivers/STM32F4xx_HAL_Driver/Src/stm32f4xx_hal_cortex.o
 .text.__NVIC_EnableIRQ
                0x0000000008001264       0x3c ./Drivers/STM32F4xx_HAL_Driver/Src/stm32f4xx_hal_cortex.o
 .text.__NVIC_SetPriority
                0x00000000080012a0       0x54 ./Drivers/STM32F4xx_HAL_Driver/Src/stm32f4xx_hal_cortex.o
 .text.NVIC_EncodePriority
                0x00000000080012f4       0x66 ./Drivers/STM32F4xx_HAL_Driver/Src/stm32f4xx_hal_cortex.o
 .text.HAL_NVIC_SetPriorityGrouping
                0x000000000800135a       0x16 ./Drivers/STM32F4xx_HAL_Driver/Src/stm32f4xx_hal_cortex.o
                0x000000000800135a                HAL_NVIC_SetPriorityGrouping
 .text.HAL_NVIC_SetPriority
                0x0000000008001370       0x38 ./Drivers/STM32F4xx_HAL_Driver/Src/stm32f4xx_hal_cortex.o
                0x0000000008001370                HAL_NVIC_SetPriority
 .text.HAL_NVIC_EnableIRQ
                0x00000000080013a8       0x1c ./Drivers/STM32F4xx_HAL_Driver/Src/stm32f4xx_hal_cortex.o
                0x00000000080013a8                HAL_NVIC_EnableIRQ
 .text.HAL_GPIO_Init
                0x00000000080013c4      0x338 ./Drivers/STM32F4xx_HAL_Driver/Src/stm32f4xx_hal_gpio.o
                0x00000000080013c4                HAL_GPIO_Init
 .text.HAL_GPIO_ReadPin
                0x00000000080016fc       0x30 ./Drivers/STM32F4xx_HAL_Driver/Src/stm32f4xx_hal_gpio.o
                0x00000000080016fc                HAL_GPIO_ReadPin
 .text.HAL_IWDG_Init
                0x000000000800172c       0x84 ./Drivers/STM32F4xx_HAL_Driver/Src/stm32f4xx_hal_iwdg.o
                0x000000000800172c                HAL_IWDG_Init
 .text.HAL_IWDG_Refresh
                0x00000000080017b0       0x20 ./Drivers/STM32F4xx_HAL_Driver/Src/stm32f4xx_hal_iwdg.o
                0x00000000080017b0                HAL_IWDG_Refresh
 .text.HAL_PCD_Init
                0x00000000080017d0      0x23a ./Drivers/STM32F4xx_HAL_Driver/Src/stm32f4xx_hal_pcd.o
                0x00000000080017d0                HAL_PCD_Init
 .text.HAL_PCD_Start
                0x0000000008001a0a       0x66 ./Drivers/STM32F4xx_HAL_Driver/Src/stm32f4xx_hal_pcd.o
                0x0000000008001a0a                HAL_PCD_Start
 .text.HAL_PCD_IRQHandler
                0x0000000008001a70      0x764 ./Drivers/STM32F4xx_HAL_Driver/Src/stm32f4xx_hal_pcd.o
                0x0000000008001a70                HAL_PCD_IRQHandler
 .text.HAL_PCD_SetAddress
                0x00000000080021d4       0x4a ./Drivers/STM32F4xx_HAL_Driver/Src/stm32f4xx_hal_pcd.o
                0x00000000080021d4                HAL_PCD_SetAddress
 .text.HAL_PCD_EP_Open
                0x000000000800221e       0xd0 ./Drivers/STM32F4xx_HAL_Driver/Src/stm32f4xx_hal_pcd.o
                0x000000000800221e                HAL_PCD_EP_Open
 .text.HAL_PCD_EP_Close
                0x00000000080022ee       0x94 ./Drivers/STM32F4xx_HAL_Driver/Src/stm32f4xx_hal_pcd.o
                0x00000000080022ee                HAL_PCD_EP_Close
 .text.HAL_PCD_EP_Receive
                0x0000000008002382       0x96 ./Drivers/STM32F4xx_HAL_Driver/Src/stm32f4xx_hal_pcd.o
                0x0000000008002382                HAL_PCD_EP_Receive
 .text.HAL_PCD_EP_GetRxCount
                0x0000000008002418       0x30 ./Drivers/STM32F4xx_HAL_Driver/Src/stm32f4xx_hal_pcd.o
                0x0000000008002418                HAL_PCD_EP_GetRxCount
 .text.HAL_PCD_EP_Transmit
                0x0000000008002448       0x94 ./Drivers/STM32F4xx_HAL_Driver/Src/stm32f4xx_hal_pcd.o
                0x0000000008002448                HAL_PCD_EP_Transmit
 .text.HAL_PCD_EP_SetStall
                0x00000000080024dc       0xc8 ./Drivers/STM32F4xx_HAL_Driver/Src/stm32f4xx_hal_pcd.o
                0x00000000080024dc                HAL_PCD_EP_SetStall
 .text.HAL_PCD_EP_ClrStall
                0x00000000080025a4       0xac ./Drivers/STM32F4xx_HAL_Driver/Src/stm32f4xx_hal_pcd.o
                0x00000000080025a4                HAL_PCD_EP_ClrStall
 .text.PCD_WriteEmptyTxFifo
                0x0000000008002650      0x11a ./Drivers/STM32F4xx_HAL_Driver/Src/stm32f4xx_hal_pcd.o
 *fill*         0x000000000800276a        0x2 
 .text.PCD_EP_OutXfrComplete_int
                0x000000000800276c      0x218 ./Drivers/STM32F4xx_HAL_Driver/Src/stm32f4xx_hal_pcd.o
 .text.PCD_EP_OutSetupPacket_int
                0x0000000008002984       0x8c ./Drivers/STM32F4xx_HAL_Driver/Src/stm32f4xx_hal_pcd.o
 .text.HAL_PCDEx_SetTxFiFo
                0x0000000008002a10       0x8e ./Drivers/STM32F4xx_HAL_Driver/Src/stm32f4xx_hal_pcd_ex.o
                0x0000000008002a10                HAL_PCDEx_SetTxFiFo
 .text.HAL_PCDEx_SetRxFiFo
                0x0000000008002a9e       0x22 ./Drivers/STM32F4xx_HAL_Driver/Src/stm32f4xx_hal_pcd_ex.o
                0x0000000008002a9e                HAL_PCDEx_SetRxFiFo
 .text.HAL_PCDEx_LPM_Callback
                0x0000000008002ac0       0x18 ./Drivers/STM32F4xx_HAL_Driver/Src/stm32f4xx_hal_pcd_ex.o
                0x0000000008002ac0                HAL_PCDEx_LPM_Callback
 .text.HAL_RCC_OscConfig
                0x0000000008002ad8      0x4f0 ./Drivers/STM32F4xx_HAL_Driver/Src/stm32f4xx_hal_rcc.o
                0x0000000008002ad8                HAL_RCC_OscConfig
 .text.HAL_RCC_ClockConfig
                0x0000000008002fc8      0x1cc ./Drivers/STM32F4xx_HAL_Driver/Src/stm32f4xx_hal_rcc.o
                0x0000000008002fc8                HAL_RCC_ClockConfig
 .text.HAL_RCC_GetSysClockFreq
                0x0000000008003194      0x16c ./Drivers/STM32F4xx_HAL_Driver/Src/stm32f4xx_hal_rcc.o
                0x0000000008003194                HAL_RCC_GetSysClockFreq
 .text.HAL_RCC_GetHCLKFreq
                0x0000000008003300       0x18 ./Drivers/STM32F4xx_HAL_Driver/Src/stm32f4xx_hal_rcc.o
                0x0000000008003300                HAL_RCC_GetHCLKFreq
 .text.HAL_RCC_GetPCLK2Freq
                0x0000000008003318       0x28 ./Drivers/STM32F4xx_HAL_Driver/Src/stm32f4xx_hal_rcc.o
                0x0000000008003318                HAL_RCC_GetPCLK2Freq
 .text.HAL_RCC_GetClockConfig
                0x0000000008003340       0x64 ./Drivers/STM32F4xx_HAL_Driver/Src/stm32f4xx_hal_rcc.o
                0x0000000008003340                HAL_RCC_GetClockConfig
 .text.HAL_TIM_Base_Init
                0x00000000080033a4       0x9e ./Drivers/STM32F4xx_HAL_Driver/Src/stm32f4xx_hal_tim.o
                0x00000000080033a4                HAL_TIM_Base_Init
 .text.HAL_TIM_Base_MspInit
                0x0000000008003442       0x14 ./Drivers/STM32F4xx_HAL_Driver/Src/stm32f4xx_hal_tim.o
                0x0000000008003442                HAL_TIM_Base_MspInit
 *fill*         0x0000000008003456        0x2 
 .text.HAL_TIM_Base_Start_IT
                0x0000000008003458       0xe0 ./Drivers/STM32F4xx_HAL_Driver/Src/stm32f4xx_hal_tim.o
                0x0000000008003458                HAL_TIM_Base_Start_IT
 .text.HAL_TIM_IRQHandler
                0x0000000008003538      0x210 ./Drivers/STM32F4xx_HAL_Driver/Src/stm32f4xx_hal_tim.o
                0x0000000008003538                HAL_TIM_IRQHandler
 .text.HAL_TIM_OC_DelayElapsedCallback
                0x0000000008003748       0x14 ./Drivers/STM32F4xx_HAL_Driver/Src/stm32f4xx_hal_tim.o
                0x0000000008003748                HAL_TIM_OC_DelayElapsedCallback
 .text.HAL_TIM_IC_CaptureCallback
                0x000000000800375c       0x14 ./Drivers/STM32F4xx_HAL_Driver/Src/stm32f4xx_hal_tim.o
                0x000000000800375c                HAL_TIM_IC_CaptureCallback
 .text.HAL_TIM_PWM_PulseFinishedCallback
                0x0000000008003770       0x14 ./Drivers/STM32F4xx_HAL_Driver/Src/stm32f4xx_hal_tim.o
                0x0000000008003770                HAL_TIM_PWM_PulseFinishedCallback
 .text.HAL_TIM_TriggerCallback
                0x0000000008003784       0x14 ./Drivers/STM32F4xx_HAL_Driver/Src/stm32f4xx_hal_tim.o
                0x0000000008003784                HAL_TIM_TriggerCallback
 .text.TIM_Base_SetConfig
                0x0000000008003798      0x140 ./Drivers/STM32F4xx_HAL_Driver/Src/stm32f4xx_hal_tim.o
                0x0000000008003798                TIM_Base_SetConfig
 .text.HAL_TIMEx_CommutCallback
                0x00000000080038d8       0x14 ./Drivers/STM32F4xx_HAL_Driver/Src/stm32f4xx_hal_tim_ex.o
                0x00000000080038d8                HAL_TIMEx_CommutCallback
 .text.HAL_TIMEx_BreakCallback
                0x00000000080038ec       0x14 ./Drivers/STM32F4xx_HAL_Driver/Src/stm32f4xx_hal_tim_ex.o
                0x00000000080038ec                HAL_TIMEx_BreakCallback
 .text.USB_CoreInit
                0x0000000008003900       0xc2 ./Drivers/STM32F4xx_HAL_Driver/Src/stm32f4xx_ll_usb.o
                0x0000000008003900                USB_CoreInit
 *fill*         0x00000000080039c2        0x2 
 .text.USB_SetTurnaroundTime
                0x00000000080039c4      0x144 ./Drivers/STM32F4xx_HAL_Driver/Src/stm32f4xx_ll_usb.o
                0x00000000080039c4                USB_SetTurnaroundTime
 .text.USB_EnableGlobalInt
                0x0000000008003b08       0x22 ./Drivers/STM32F4xx_HAL_Driver/Src/stm32f4xx_ll_usb.o
                0x0000000008003b08                USB_EnableGlobalInt
 .text.USB_DisableGlobalInt
                0x0000000008003b2a       0x22 ./Drivers/STM32F4xx_HAL_Driver/Src/stm32f4xx_ll_usb.o
                0x0000000008003b2a                USB_DisableGlobalInt
 .text.USB_SetCurrentMode
                0x0000000008003b4c       0x98 ./Drivers/STM32F4xx_HAL_Driver/Src/stm32f4xx_ll_usb.o
                0x0000000008003b4c                USB_SetCurrentMode
 .text.USB_DevInit
                0x0000000008003be4      0x2c8 ./Drivers/STM32F4xx_HAL_Driver/Src/stm32f4xx_ll_usb.o
                0x0000000008003be4                USB_DevInit
 .text.USB_FlushTxFifo
                0x0000000008003eac       0x48 ./Drivers/STM32F4xx_HAL_Driver/Src/stm32f4xx_ll_usb.o
                0x0000000008003eac                USB_FlushTxFifo
 .text.USB_FlushRxFifo
                0x0000000008003ef4       0x40 ./Drivers/STM32F4xx_HAL_Driver/Src/stm32f4xx_ll_usb.o
                0x0000000008003ef4                USB_FlushRxFifo
 .text.USB_SetDevSpeed
                0x0000000008003f34       0x32 ./Drivers/STM32F4xx_HAL_Driver/Src/stm32f4xx_ll_usb.o
                0x0000000008003f34                USB_SetDevSpeed
 .text.USB_GetDevSpeed
                0x0000000008003f66       0x4a ./Drivers/STM32F4xx_HAL_Driver/Src/stm32f4xx_ll_usb.o
                0x0000000008003f66                USB_GetDevSpeed
 .text.USB_ActivateEndpoint
                0x0000000008003fb0      0x10e ./Drivers/STM32F4xx_HAL_Driver/Src/stm32f4xx_ll_usb.o
                0x0000000008003fb0                USB_ActivateEndpoint
 *fill*         0x00000000080040be        0x2 
 .text.USB_DeactivateEndpoint
                0x00000000080040c0      0x1b8 ./Drivers/STM32F4xx_HAL_Driver/Src/stm32f4xx_ll_usb.o
                0x00000000080040c0                USB_DeactivateEndpoint
 .text.USB_EPStartXfer
                0x0000000008004278      0x488 ./Drivers/STM32F4xx_HAL_Driver/Src/stm32f4xx_ll_usb.o
                0x0000000008004278                USB_EPStartXfer
 .text.USB_EP0StartXfer
                0x0000000008004700      0x2a6 ./Drivers/STM32F4xx_HAL_Driver/Src/stm32f4xx_ll_usb.o
                0x0000000008004700                USB_EP0StartXfer
 .text.USB_WritePacket
                0x00000000080049a6       0x7c ./Drivers/STM32F4xx_HAL_Driver/Src/stm32f4xx_ll_usb.o
                0x00000000080049a6                USB_WritePacket
 .text.USB_ReadPacket
                0x0000000008004a22       0xb0 ./Drivers/STM32F4xx_HAL_Driver/Src/stm32f4xx_ll_usb.o
                0x0000000008004a22                USB_ReadPacket
 .text.USB_EPSetStall
                0x0000000008004ad2       0xdc ./Drivers/STM32F4xx_HAL_Driver/Src/stm32f4xx_ll_usb.o
                0x0000000008004ad2                USB_EPSetStall
 .text.USB_EPClearStall
                0x0000000008004bae       0xcc ./Drivers/STM32F4xx_HAL_Driver/Src/stm32f4xx_ll_usb.o
                0x0000000008004bae                USB_EPClearStall
 .text.USB_SetDevAddress
                0x0000000008004c7a       0x4c ./Drivers/STM32F4xx_HAL_Driver/Src/stm32f4xx_ll_usb.o
                0x0000000008004c7a                USB_SetDevAddress
 .text.USB_DevConnect
                0x0000000008004cc6       0x42 ./Drivers/STM32F4xx_HAL_Driver/Src/stm32f4xx_ll_usb.o
                0x0000000008004cc6                USB_DevConnect
 .text.USB_DevDisconnect
                0x0000000008004d08       0x42 ./Drivers/STM32F4xx_HAL_Driver/Src/stm32f4xx_ll_usb.o
                0x0000000008004d08                USB_DevDisconnect
 .text.USB_ReadInterrupts
                0x0000000008004d4a       0x26 ./Drivers/STM32F4xx_HAL_Driver/Src/stm32f4xx_ll_usb.o
                0x0000000008004d4a                USB_ReadInterrupts
 .text.USB_ReadDevAllOutEpInterrupt
                0x0000000008004d70       0x34 ./Drivers/STM32F4xx_HAL_Driver/Src/stm32f4xx_ll_usb.o
                0x0000000008004d70                USB_ReadDevAllOutEpInterrupt
 .text.USB_ReadDevAllInEpInterrupt
                0x0000000008004da4       0x34 ./Drivers/STM32F4xx_HAL_Driver/Src/stm32f4xx_ll_usb.o
                0x0000000008004da4                USB_ReadDevAllInEpInterrupt
 .text.USB_ReadDevOutEPInterrupt
                0x0000000008004dd8       0x3c ./Drivers/STM32F4xx_HAL_Driver/Src/stm32f4xx_ll_usb.o
                0x0000000008004dd8                USB_ReadDevOutEPInterrupt
 .text.USB_ReadDevInEPInterrupt
                0x0000000008004e14       0x5c ./Drivers/STM32F4xx_HAL_Driver/Src/stm32f4xx_ll_usb.o
                0x0000000008004e14                USB_ReadDevInEPInterrupt
 .text.USB_GetMode
                0x0000000008004e70       0x1c ./Drivers/STM32F4xx_HAL_Driver/Src/stm32f4xx_ll_usb.o
                0x0000000008004e70                USB_GetMode
 .text.USB_ActivateSetup
                0x0000000008004e8c       0x46 ./Drivers/STM32F4xx_HAL_Driver/Src/stm32f4xx_ll_usb.o
                0x0000000008004e8c                USB_ActivateSetup
 *fill*         0x0000000008004ed2        0x2 
 .text.USB_EP0_OutStart
                0x0000000008004ed4       0xbc ./Drivers/STM32F4xx_HAL_Driver/Src/stm32f4xx_ll_usb.o
                0x0000000008004ed4                USB_EP0_OutStart
 .text.USB_CoreReset
                0x0000000008004f90       0x64 ./Drivers/STM32F4xx_HAL_Driver/Src/stm32f4xx_ll_usb.o
 .text.USBD_CDC_Init
                0x0000000008004ff4       0xfe ./Middlewares/ST/STM32_USB_Device_Library/Class/CDC/Src/usbd_cdc.o
 .text.USBD_CDC_DeInit
                0x00000000080050f2       0x74 ./Middlewares/ST/STM32_USB_Device_Library/Class/CDC/Src/usbd_cdc.o
 *fill*         0x0000000008005166        0x2 
 .text.USBD_CDC_Setup
                0x0000000008005168      0x190 ./Middlewares/ST/STM32_USB_Device_Library/Class/CDC/Src/usbd_cdc.o
 .text.USBD_CDC_DataIn
                0x00000000080052f8       0xca ./Middlewares/ST/STM32_USB_Device_Library/Class/CDC/Src/usbd_cdc.o
 .text.USBD_CDC_DataOut
                0x00000000080053c2       0x56 ./Middlewares/ST/STM32_USB_Device_Library/Class/CDC/Src/usbd_cdc.o
 .text.USBD_CDC_EP0_RxReady
                0x0000000008005418       0x5a ./Middlewares/ST/STM32_USB_Device_Library/Class/CDC/Src/usbd_cdc.o
 *fill*         0x0000000008005472        0x2 
 .text.USBD_CDC_GetFSCfgDesc
                0x0000000008005474       0x20 ./Middlewares/ST/STM32_USB_Device_Library/Class/CDC/Src/usbd_cdc.o
 .text.USBD_CDC_GetHSCfgDesc
                0x0000000008005494       0x20 ./Middlewares/ST/STM32_USB_Device_Library/Class/CDC/Src/usbd_cdc.o
 .text.USBD_CDC_GetOtherSpeedCfgDesc
                0x00000000080054b4       0x20 ./Middlewares/ST/STM32_USB_Device_Library/Class/CDC/Src/usbd_cdc.o
 .text.USBD_CDC_GetDeviceQualifierDescriptor
                0x00000000080054d4       0x20 ./Middlewares/ST/STM32_USB_Device_Library/Class/CDC/Src/usbd_cdc.o
                0x00000000080054d4                USBD_CDC_GetDeviceQualifierDescriptor
 .text.USBD_CDC_RegisterInterface
                0x00000000080054f4       0x2a ./Middlewares/ST/STM32_USB_Device_Library/Class/CDC/Src/usbd_cdc.o
                0x00000000080054f4                USBD_CDC_RegisterInterface
 .text.USBD_CDC_SetTxBuffer
                0x000000000800551e       0x3c ./Middlewares/ST/STM32_USB_Device_Library/Class/CDC/Src/usbd_cdc.o
                0x000000000800551e                USBD_CDC_SetTxBuffer
 .text.USBD_CDC_SetRxBuffer
                0x000000000800555a       0x32 ./Middlewares/ST/STM32_USB_Device_Library/Class/CDC/Src/usbd_cdc.o
                0x000000000800555a                USBD_CDC_SetRxBuffer
 .text.USBD_CDC_TransmitPacket
                0x000000000800558c       0x60 ./Middlewares/ST/STM32_USB_Device_Library/Class/CDC/Src/usbd_cdc.o
                0x000000000800558c                USBD_CDC_TransmitPacket
 .text.USBD_CDC_ReceivePacket
                0x00000000080055ec       0x54 ./Middlewares/ST/STM32_USB_Device_Library/Class/CDC/Src/usbd_cdc.o
                0x00000000080055ec                USBD_CDC_ReceivePacket
 .text.USBD_Init
                0x0000000008005640       0x60 ./Middlewares/ST/STM32_USB_Device_Library/Core/Src/usbd_core.o
                0x0000000008005640                USBD_Init
 .text.USBD_RegisterClass
                0x00000000080056a0       0x4e ./Middlewares/ST/STM32_USB_Device_Library/Core/Src/usbd_core.o
                0x00000000080056a0                USBD_RegisterClass
 .text.USBD_Start
                0x00000000080056ee       0x18 ./Middlewares/ST/STM32_USB_Device_Library/Core/Src/usbd_core.o
                0x00000000080056ee                USBD_Start
 .text.USBD_RunTestMode
                0x0000000008005706       0x16 ./Middlewares/ST/STM32_USB_Device_Library/Core/Src/usbd_core.o
                0x0000000008005706                USBD_RunTestMode
 .text.USBD_SetClassConfig
                0x000000000800571c       0x38 ./Middlewares/ST/STM32_USB_Device_Library/Core/Src/usbd_core.o
                0x000000000800571c                USBD_SetClassConfig
 .text.USBD_ClrClassConfig
                0x0000000008005754       0x30 ./Middlewares/ST/STM32_USB_Device_Library/Core/Src/usbd_core.o
                0x0000000008005754                USBD_ClrClassConfig
 .text.USBD_LL_SetupStage
                0x0000000008005784       0xaa ./Middlewares/ST/STM32_USB_Device_Library/Core/Src/usbd_core.o
                0x0000000008005784                USBD_LL_SetupStage
 .text.USBD_LL_DataOutStage
                0x000000000800582e       0xc6 ./Middlewares/ST/STM32_USB_Device_Library/Core/Src/usbd_core.o
                0x000000000800582e                USBD_LL_DataOutStage
 .text.USBD_LL_DataInStage
                0x00000000080058f4      0x12c ./Middlewares/ST/STM32_USB_Device_Library/Core/Src/usbd_core.o
                0x00000000080058f4                USBD_LL_DataInStage
 .text.USBD_LL_Reset
                0x0000000008005a20       0x9c ./Middlewares/ST/STM32_USB_Device_Library/Core/Src/usbd_core.o
                0x0000000008005a20                USBD_LL_Reset
 .text.USBD_LL_SetSpeed
                0x0000000008005abc       0x20 ./Middlewares/ST/STM32_USB_Device_Library/Core/Src/usbd_core.o
                0x0000000008005abc                USBD_LL_SetSpeed
 .text.USBD_LL_Suspend
                0x0000000008005adc       0x2c ./Middlewares/ST/STM32_USB_Device_Library/Core/Src/usbd_core.o
                0x0000000008005adc                USBD_LL_Suspend
 .text.USBD_LL_Resume
                0x0000000008005b08       0x30 ./Middlewares/ST/STM32_USB_Device_Library/Core/Src/usbd_core.o
                0x0000000008005b08                USBD_LL_Resume
 .text.USBD_LL_SOF
                0x0000000008005b38       0x44 ./Middlewares/ST/STM32_USB_Device_Library/Core/Src/usbd_core.o
                0x0000000008005b38                USBD_LL_SOF
 .text.USBD_LL_IsoINIncomplete
                0x0000000008005b7c       0x4c ./Middlewares/ST/STM32_USB_Device_Library/Core/Src/usbd_core.o
                0x0000000008005b7c                USBD_LL_IsoINIncomplete
 .text.USBD_LL_IsoOUTIncomplete
                0x0000000008005bc8       0x4c ./Middlewares/ST/STM32_USB_Device_Library/Core/Src/usbd_core.o
                0x0000000008005bc8                USBD_LL_IsoOUTIncomplete
 .text.USBD_LL_DevConnected
                0x0000000008005c14       0x16 ./Middlewares/ST/STM32_USB_Device_Library/Core/Src/usbd_core.o
                0x0000000008005c14                USBD_LL_DevConnected
 .text.USBD_LL_DevDisconnected
                0x0000000008005c2a       0x38 ./Middlewares/ST/STM32_USB_Device_Library/Core/Src/usbd_core.o
                0x0000000008005c2a                USBD_LL_DevDisconnected
 .text.SWAPBYTE
                0x0000000008005c62       0x3c ./Middlewares/ST/STM32_USB_Device_Library/Core/Src/usbd_ctlreq.o
 *fill*         0x0000000008005c9e        0x2 
 .text.USBD_StdDevReq
                0x0000000008005ca0       0xdc ./Middlewares/ST/STM32_USB_Device_Library/Core/Src/usbd_ctlreq.o
                0x0000000008005ca0                USBD_StdDevReq
 .text.USBD_StdItfReq
                0x0000000008005d7c       0x92 ./Middlewares/ST/STM32_USB_Device_Library/Core/Src/usbd_ctlreq.o
                0x0000000008005d7c                USBD_StdItfReq
 .text.USBD_StdEPReq
                0x0000000008005e0e      0x2c4 ./Middlewares/ST/STM32_USB_Device_Library/Core/Src/usbd_ctlreq.o
                0x0000000008005e0e                USBD_StdEPReq
 *fill*         0x00000000080060d2        0x2 
 .text.USBD_GetDescriptor
                0x00000000080060d4      0x2d4 ./Middlewares/ST/STM32_USB_Device_Library/Core/Src/usbd_ctlreq.o
 .text.USBD_SetAddress
                0x00000000080063a8       0x88 ./Middlewares/ST/STM32_USB_Device_Library/Core/Src/usbd_ctlreq.o
 .text.USBD_SetConfig
                0x0000000008006430      0x14c ./Middlewares/ST/STM32_USB_Device_Library/Core/Src/usbd_ctlreq.o
 .text.USBD_GetConfig
                0x000000000800657c       0x6c ./Middlewares/ST/STM32_USB_Device_Library/Core/Src/usbd_ctlreq.o
 .text.USBD_GetStatus
                0x00000000080065e8       0x68 ./Middlewares/ST/STM32_USB_Device_Library/Core/Src/usbd_ctlreq.o
 .text.USBD_SetFeature
                0x0000000008006650       0x28 ./Middlewares/ST/STM32_USB_Device_Library/Core/Src/usbd_ctlreq.o
 .text.USBD_ClrFeature
                0x0000000008006678       0x44 ./Middlewares/ST/STM32_USB_Device_Library/Core/Src/usbd_ctlreq.o
 .text.USBD_ParseSetupRequest
                0x00000000080066bc       0x74 ./Middlewares/ST/STM32_USB_Device_Library/Core/Src/usbd_ctlreq.o
                0x00000000080066bc                USBD_ParseSetupRequest
 .text.USBD_CtlError
                0x0000000008006730       0x22 ./Middlewares/ST/STM32_USB_Device_Library/Core/Src/usbd_ctlreq.o
                0x0000000008006730                USBD_CtlError
 .text.USBD_GetString
                0x0000000008006752       0x8c ./Middlewares/ST/STM32_USB_Device_Library/Core/Src/usbd_ctlreq.o
                0x0000000008006752                USBD_GetString
 .text.USBD_GetLen
                0x00000000080067de       0x34 ./Middlewares/ST/STM32_USB_Device_Library/Core/Src/usbd_ctlreq.o
 .text.USBD_CtlSendData
                0x0000000008006812       0x36 ./Middlewares/ST/STM32_USB_Device_Library/Core/Src/usbd_ioreq.o
                0x0000000008006812                USBD_CtlSendData
 .text.USBD_CtlContinueSendData
                0x0000000008006848       0x22 ./Middlewares/ST/STM32_USB_Device_Library/Core/Src/usbd_ioreq.o
                0x0000000008006848                USBD_CtlContinueSendData
 .text.USBD_CtlPrepareRx
                0x000000000800686a       0x3a ./Middlewares/ST/STM32_USB_Device_Library/Core/Src/usbd_ioreq.o
                0x000000000800686a                USBD_CtlPrepareRx
 .text.USBD_CtlContinueRx
                0x00000000080068a4       0x22 ./Middlewares/ST/STM32_USB_Device_Library/Core/Src/usbd_ioreq.o
                0x00000000080068a4                USBD_CtlContinueRx
 .text.USBD_CtlSendStatus
                0x00000000080068c6       0x26 ./Middlewares/ST/STM32_USB_Device_Library/Core/Src/usbd_ioreq.o
                0x00000000080068c6                USBD_CtlSendStatus
 .text.USBD_CtlReceiveStatus
                0x00000000080068ec       0x26 ./Middlewares/ST/STM32_USB_Device_Library/Core/Src/usbd_ioreq.o
                0x00000000080068ec                USBD_CtlReceiveStatus
 *fill*         0x0000000008006912        0x2 
 .text.__NVIC_SetPriority
                0x0000000008006914       0x54 ./Middlewares/Third_Party/FreeRTOS/Source/CMSIS_RTOS_V2/cmsis_os2.o
 .text.SysTick_Handler
                0x0000000008006968       0x20 ./Middlewares/Third_Party/FreeRTOS/Source/CMSIS_RTOS_V2/cmsis_os2.o
                0x0000000008006968                SysTick_Handler
 .text.SVC_Setup
                0x0000000008006988       0x12 ./Middlewares/Third_Party/FreeRTOS/Source/CMSIS_RTOS_V2/cmsis_os2.o
 *fill*         0x000000000800699a        0x2 
 .text.osKernelInitialize
                0x000000000800699c       0x48 ./Middlewares/Third_Party/FreeRTOS/Source/CMSIS_RTOS_V2/cmsis_os2.o
                0x000000000800699c                osKernelInitialize
 .text.osKernelStart
                0x00000000080069e4       0x4c ./Middlewares/Third_Party/FreeRTOS/Source/CMSIS_RTOS_V2/cmsis_os2.o
                0x00000000080069e4                osKernelStart
 .text.osThreadNew
                0x0000000008006a30      0x124 ./Middlewares/Third_Party/FreeRTOS/Source/CMSIS_RTOS_V2/cmsis_os2.o
                0x0000000008006a30                osThreadNew
 .text.osDelay  0x0000000008006b54       0x36 ./Middlewares/Third_Party/FreeRTOS/Source/CMSIS_RTOS_V2/cmsis_os2.o
                0x0000000008006b54                osDelay
 .text.osSemaphoreNew
                0x0000000008006b8a      0x112 ./Middlewares/Third_Party/FreeRTOS/Source/CMSIS_RTOS_V2/cmsis_os2.o
                0x0000000008006b8a                osSemaphoreNew
 .text.osSemaphoreAcquire
                0x0000000008006c9c       0xa4 ./Middlewares/Third_Party/FreeRTOS/Source/CMSIS_RTOS_V2/cmsis_os2.o
                0x0000000008006c9c                osSemaphoreAcquire
 .text.osSemaphoreRelease
                0x0000000008006d40       0x88 ./Middlewares/Third_Party/FreeRTOS/Source/CMSIS_RTOS_V2/cmsis_os2.o
                0x0000000008006d40                osSemaphoreRelease
 .text.osMessageQueueNew
                0x0000000008006dc8       0xe6 ./Middlewares/Third_Party/FreeRTOS/Source/CMSIS_RTOS_V2/cmsis_os2.o
                0x0000000008006dc8                osMessageQueueNew
 *fill*         0x0000000008006eae        0x2 
 .text.osMessageQueuePut
                0x0000000008006eb0       0xc0 ./Middlewares/Third_Party/FreeRTOS/Source/CMSIS_RTOS_V2/cmsis_os2.o
                0x0000000008006eb0                osMessageQueuePut
 .text.osMessageQueueGet
                0x0000000008006f70       0xbc ./Middlewares/Third_Party/FreeRTOS/Source/CMSIS_RTOS_V2/cmsis_os2.o
                0x0000000008006f70                osMessageQueueGet
 .text.vApplicationGetIdleTaskMemory
                0x000000000800702c       0x34 ./Middlewares/Third_Party/FreeRTOS/Source/CMSIS_RTOS_V2/cmsis_os2.o
                0x000000000800702c                vApplicationGetIdleTaskMemory
 .text.vApplicationGetTimerTaskMemory
                0x0000000008007060       0x34 ./Middlewares/Third_Party/FreeRTOS/Source/CMSIS_RTOS_V2/cmsis_os2.o
                0x0000000008007060                vApplicationGetTimerTaskMemory
 .text.vListInitialise
                0x0000000008007094       0x40 ./Middlewares/Third_Party/FreeRTOS/Source/list.o
                0x0000000008007094                vListInitialise
 .text.vListInitialiseItem
                0x00000000080070d4       0x1a ./Middlewares/Third_Party/FreeRTOS/Source/list.o
                0x00000000080070d4                vListInitialiseItem
 .text.vListInsertEnd
                0x00000000080070ee       0x48 ./Middlewares/Third_Party/FreeRTOS/Source/list.o
                0x00000000080070ee                vListInsertEnd
 .text.vListInsert
                0x0000000008007136       0x72 ./Middlewares/Third_Party/FreeRTOS/Source/list.o
                0x0000000008007136                vListInsert
 .text.uxListRemove
                0x00000000080071a8       0x54 ./Middlewares/Third_Party/FreeRTOS/Source/list.o
                0x00000000080071a8                uxListRemove
 .text.xQueueGenericReset
                0x00000000080071fc       0xd0 ./Middlewares/Third_Party/FreeRTOS/Source/queue.o
                0x00000000080071fc                xQueueGenericReset
 .text.xQueueGenericCreateStatic
                0x00000000080072cc       0xf0 ./Middlewares/Third_Party/FreeRTOS/Source/queue.o
                0x00000000080072cc                xQueueGenericCreateStatic
 .text.xQueueGenericCreate
                0x00000000080073bc       0x74 ./Middlewares/Third_Party/FreeRTOS/Source/queue.o
                0x00000000080073bc                xQueueGenericCreate
 .text.prvInitialiseNewQueue
                0x0000000008007430       0x46 ./Middlewares/Third_Party/FreeRTOS/Source/queue.o
 .text.xQueueCreateCountingSemaphoreStatic
                0x0000000008007476       0x6e ./Middlewares/Third_Party/FreeRTOS/Source/queue.o
                0x0000000008007476                xQueueCreateCountingSemaphoreStatic
 .text.xQueueCreateCountingSemaphore
                0x00000000080074e4       0x66 ./Middlewares/Third_Party/FreeRTOS/Source/queue.o
                0x00000000080074e4                xQueueCreateCountingSemaphore
 *fill*         0x000000000800754a        0x2 
 .text.xQueueGenericSend
                0x000000000800754c      0x1fc ./Middlewares/Third_Party/FreeRTOS/Source/queue.o
                0x000000000800754c                xQueueGenericSend
 .text.xQueueGenericSendFromISR
                0x0000000008007748      0x136 ./Middlewares/Third_Party/FreeRTOS/Source/queue.o
                0x0000000008007748                xQueueGenericSendFromISR
 .text.xQueueGiveFromISR
                0x000000000800787e      0x11a ./Middlewares/Third_Party/FreeRTOS/Source/queue.o
                0x000000000800787e                xQueueGiveFromISR
 .text.xQueueReceive
                0x0000000008007998      0x1c0 ./Middlewares/Third_Party/FreeRTOS/Source/queue.o
                0x0000000008007998                xQueueReceive
 .text.xQueueSemaphoreTake
                0x0000000008007b58      0x218 ./Middlewares/Third_Party/FreeRTOS/Source/queue.o
                0x0000000008007b58                xQueueSemaphoreTake
 .text.xQueueReceiveFromISR
                0x0000000008007d70      0x100 ./Middlewares/Third_Party/FreeRTOS/Source/queue.o
                0x0000000008007d70                xQueueReceiveFromISR
 .text.vQueueDelete
                0x0000000008007e70       0x46 ./Middlewares/Third_Party/FreeRTOS/Source/queue.o
                0x0000000008007e70                vQueueDelete
 .text.prvGetDisinheritPriorityAfterTimeout
                0x0000000008007eb6       0x30 ./Middlewares/Third_Party/FreeRTOS/Source/queue.o
 .text.prvCopyDataToQueue
                0x0000000008007ee6       0xd4 ./Middlewares/Third_Party/FreeRTOS/Source/queue.o
 .text.prvCopyDataFromQueue
                0x0000000008007fba       0x4c ./Middlewares/Third_Party/FreeRTOS/Source/queue.o
 .text.prvUnlockQueue
                0x0000000008008006       0xa4 ./Middlewares/Third_Party/FreeRTOS/Source/queue.o
 .text.prvIsQueueEmpty
                0x00000000080080aa       0x2c ./Middlewares/Third_Party/FreeRTOS/Source/queue.o
 .text.prvIsQueueFull
                0x00000000080080d6       0x30 ./Middlewares/Third_Party/FreeRTOS/Source/queue.o
 *fill*         0x0000000008008106        0x2 
 .text.vQueueAddToRegistry
                0x0000000008008108       0x54 ./Middlewares/Third_Party/FreeRTOS/Source/queue.o
                0x0000000008008108                vQueueAddToRegistry
 .text.vQueueUnregisterQueue
                0x000000000800815c       0x54 ./Middlewares/Third_Party/FreeRTOS/Source/queue.o
                0x000000000800815c                vQueueUnregisterQueue
 .text.vQueueWaitForMessageRestricted
                0x00000000080081b0       0x68 ./Middlewares/Third_Party/FreeRTOS/Source/queue.o
                0x00000000080081b0                vQueueWaitForMessageRestricted
 .text.xTaskCreateStatic
                0x0000000008008218       0xba ./Middlewares/Third_Party/FreeRTOS/Source/tasks.o
                0x0000000008008218                xTaskCreateStatic
 .text.xTaskCreate
                0x00000000080082d2       0x8a ./Middlewares/Third_Party/FreeRTOS/Source/tasks.o
                0x00000000080082d2                xTaskCreate
 .text.prvInitialiseNewTask
                0x000000000800835c      0x14c ./Middlewares/Third_Party/FreeRTOS/Source/tasks.o
 .text.prvAddNewTaskToReadyList
                0x00000000080084a8       0xe0 ./Middlewares/Third_Party/FreeRTOS/Source/tasks.o
 .text.vTaskDelay
                0x0000000008008588       0x68 ./Middlewares/Third_Party/FreeRTOS/Source/tasks.o
                0x0000000008008588                vTaskDelay
 .text.vTaskStartScheduler
                0x00000000080085f0       0xe0 ./Middlewares/Third_Party/FreeRTOS/Source/tasks.o
                0x00000000080085f0                vTaskStartScheduler
 .text.vTaskSuspendAll
                0x00000000080086d0       0x1c ./Middlewares/Third_Party/FreeRTOS/Source/tasks.o
                0x00000000080086d0                vTaskSuspendAll
 .text.xTaskResumeAll
                0x00000000080086ec      0x13c ./Middlewares/Third_Party/FreeRTOS/Source/tasks.o
                0x00000000080086ec                xTaskResumeAll
 .text.xTaskGetTickCount
                0x0000000008008828       0x20 ./Middlewares/Third_Party/FreeRTOS/Source/tasks.o
                0x0000000008008828                xTaskGetTickCount
 .text.xTaskIncrementTick
                0x0000000008008848      0x174 ./Middlewares/Third_Party/FreeRTOS/Source/tasks.o
                0x0000000008008848                xTaskIncrementTick
 .text.vTaskSwitchContext
                0x00000000080089bc       0xc8 ./Middlewares/Third_Party/FreeRTOS/Source/tasks.o
                0x00000000080089bc                vTaskSwitchContext
 .text.vTaskPlaceOnEventList
                0x0000000008008a84       0x48 ./Middlewares/Third_Party/FreeRTOS/Source/tasks.o
                0x0000000008008a84                vTaskPlaceOnEventList
 .text.vTaskPlaceOnEventListRestricted
                0x0000000008008acc       0x58 ./Middlewares/Third_Party/FreeRTOS/Source/tasks.o
                0x0000000008008acc                vTaskPlaceOnEventListRestricted
 .text.xTaskRemoveFromEventList
                0x0000000008008b24       0xc8 ./Middlewares/Third_Party/FreeRTOS/Source/tasks.o
                0x0000000008008b24                xTaskRemoveFromEventList
 .text.vTaskInternalSetTimeOutState
                0x0000000008008bec       0x2c ./Middlewares/Third_Party/FreeRTOS/Source/tasks.o
                0x0000000008008bec                vTaskInternalSetTimeOutState
 .text.xTaskCheckForTimeOut
                0x0000000008008c18       0xc4 ./Middlewares/Third_Party/FreeRTOS/Source/tasks.o
                0x0000000008008c18                xTaskCheckForTimeOut
 .text.vTaskMissedYield
                0x0000000008008cdc       0x18 ./Middlewares/Third_Party/FreeRTOS/Source/tasks.o
                0x0000000008008cdc                vTaskMissedYield
 .text.prvIdleTask
                0x0000000008008cf4       0x30 ./Middlewares/Third_Party/FreeRTOS/Source/tasks.o
 .text.prvInitialiseTaskLists
                0x0000000008008d24       0x80 ./Middlewares/Third_Party/FreeRTOS/Source/tasks.o
 .text.prvCheckTasksWaitingTermination
                0x0000000008008da4       0x5c ./Middlewares/Third_Party/FreeRTOS/Source/tasks.o
 .text.prvDeleteTCB
                0x0000000008008e00       0x68 ./Middlewares/Third_Party/FreeRTOS/Source/tasks.o
 .text.prvResetNextTaskUnblockTime
                0x0000000008008e68       0x40 ./Middlewares/Third_Party/FreeRTOS/Source/tasks.o
 .text.xTaskGetSchedulerState
                0x0000000008008ea8       0x3c ./Middlewares/Third_Party/FreeRTOS/Source/tasks.o
                0x0000000008008ea8                xTaskGetSchedulerState
 .text.xTaskPriorityInherit
                0x0000000008008ee4       0xd0 ./Middlewares/Third_Party/FreeRTOS/Source/tasks.o
                0x0000000008008ee4                xTaskPriorityInherit
 .text.xTaskPriorityDisinherit
                0x0000000008008fb4       0xdc ./Middlewares/Third_Party/FreeRTOS/Source/tasks.o
                0x0000000008008fb4                xTaskPriorityDisinherit
 .text.vTaskPriorityDisinheritAfterTimeout
                0x0000000008009090      0x104 ./Middlewares/Third_Party/FreeRTOS/Source/tasks.o
                0x0000000008009090                vTaskPriorityDisinheritAfterTimeout
 .text.pvTaskIncrementMutexHeldCount
                0x0000000008009194       0x28 ./Middlewares/Third_Party/FreeRTOS/Source/tasks.o
                0x0000000008009194                pvTaskIncrementMutexHeldCount
 .text.prvAddCurrentTaskToDelayedList
                0x00000000080091bc       0xa8 ./Middlewares/Third_Party/FreeRTOS/Source/tasks.o
 .text.xTimerCreateTimerTask
                0x0000000008009264       0x90 ./Middlewares/Third_Party/FreeRTOS/Source/timers.o
                0x0000000008009264                xTimerCreateTimerTask
 .text.xTimerGenericCommand
                0x00000000080092f4       0x9c ./Middlewares/Third_Party/FreeRTOS/Source/timers.o
                0x00000000080092f4                xTimerGenericCommand
 .text.prvProcessExpiredTimer
                0x0000000008009390       0x98 ./Middlewares/Third_Party/FreeRTOS/Source/timers.o
 .text.prvTimerTask
                0x0000000008009428       0x24 ./Middlewares/Third_Party/FreeRTOS/Source/timers.o
 .text.prvProcessTimerOrBlockTask
                0x000000000800944c       0x9c ./Middlewares/Third_Party/FreeRTOS/Source/timers.o
 .text.prvGetNextExpireTime
                0x00000000080094e8       0x48 ./Middlewares/Third_Party/FreeRTOS/Source/timers.o
 .text.prvSampleTimeNow
                0x0000000008009530       0x40 ./Middlewares/Third_Party/FreeRTOS/Source/timers.o
 .text.prvInsertTimerInActiveList
                0x0000000008009570       0x84 ./Middlewares/Third_Party/FreeRTOS/Source/timers.o
 .text.prvProcessReceivedCommands
                0x00000000080095f4      0x1c4 ./Middlewares/Third_Party/FreeRTOS/Source/timers.o
 .text.prvSwitchTimerLists
                0x00000000080097b8       0xc8 ./Middlewares/Third_Party/FreeRTOS/Source/timers.o
 .text.prvCheckForValidListAndQueue
                0x0000000008009880       0x80 ./Middlewares/Third_Party/FreeRTOS/Source/timers.o
 .text.pxPortInitialiseStack
                0x0000000008009900       0x68 ./Middlewares/Third_Party/FreeRTOS/Source/portable/GCC/ARM_CM4F/port.o
                0x0000000008009900                pxPortInitialiseStack
 .text.prvTaskExitError
                0x0000000008009968       0x58 ./Middlewares/Third_Party/FreeRTOS/Source/portable/GCC/ARM_CM4F/port.o
 .text.SVC_Handler
                0x00000000080099c0       0x28 ./Middlewares/Third_Party/FreeRTOS/Source/portable/GCC/ARM_CM4F/port.o
                0x00000000080099c0                SVC_Handler
 .text.prvPortStartFirstTask
                0x00000000080099e8       0x28 ./Middlewares/Third_Party/FreeRTOS/Source/portable/GCC/ARM_CM4F/port.o
 .text.xPortStartScheduler
                0x0000000008009a10      0x144 ./Middlewares/Third_Party/FreeRTOS/Source/portable/GCC/ARM_CM4F/port.o
                0x0000000008009a10                xPortStartScheduler
 .text.vPortEnterCritical
                0x0000000008009b54       0x60 ./Middlewares/Third_Party/FreeRTOS/Source/portable/GCC/ARM_CM4F/port.o
                0x0000000008009b54                vPortEnterCritical
 .text.vPortExitCritical
                0x0000000008009bb4       0x54 ./Middlewares/Third_Party/FreeRTOS/Source/portable/GCC/ARM_CM4F/port.o
                0x0000000008009bb4                vPortExitCritical
 *fill*         0x0000000008009c08        0x8 
 .text.PendSV_Handler
                0x0000000008009c10       0x68 ./Middlewares/Third_Party/FreeRTOS/Source/portable/GCC/ARM_CM4F/port.o
                0x0000000008009c10                PendSV_Handler
 .text.xPortSysTickHandler
                0x0000000008009c78       0x44 ./Middlewares/Third_Party/FreeRTOS/Source/portable/GCC/ARM_CM4F/port.o
                0x0000000008009c78                xPortSysTickHandler
 .text.vPortSetupTimerInterrupt
                0x0000000008009cbc       0x48 ./Middlewares/Third_Party/FreeRTOS/Source/portable/GCC/ARM_CM4F/port.o
                0x0000000008009cbc                vPortSetupTimerInterrupt
 .text.vPortEnableVFP
                0x0000000008009d04       0x14 ./Middlewares/Third_Party/FreeRTOS/Source/portable/GCC/ARM_CM4F/port.o
 .text.vPortValidateInterruptPriority
                0x0000000008009d18       0x80 ./Middlewares/Third_Party/FreeRTOS/Source/portable/GCC/ARM_CM4F/port.o
                0x0000000008009d18                vPortValidateInterruptPriority
 .text.pvPortMalloc
                0x0000000008009d98      0x198 ./Middlewares/Third_Party/FreeRTOS/Source/portable/MemMang/heap_4.o
                0x0000000008009d98                pvPortMalloc
 .text.vPortFree
                0x0000000008009f30       0xc4 ./Middlewares/Third_Party/FreeRTOS/Source/portable/MemMang/heap_4.o
                0x0000000008009f30                vPortFree
 .text.prvHeapInit
                0x0000000008009ff4       0xc4 ./Middlewares/Third_Party/FreeRTOS/Source/portable/MemMang/heap_4.o
 .text.prvInsertBlockIntoFreeList
                0x000000000800a0b8       0xb4 ./Middlewares/Third_Party/FreeRTOS/Source/portable/MemMang/heap_4.o
 .text.MX_USB_DEVICE_Init
                0x000000000800a16c       0x60 ./USB_DEVICE/App/usb_device.o
                0x000000000800a16c                MX_USB_DEVICE_Init
 .text.CDC_Init_FS
                0x000000000800a1cc       0x28 ./USB_DEVICE/App/usbd_cdc_if.o
 .text.CDC_DeInit_FS
                0x000000000800a1f4       0x10 ./USB_DEVICE/App/usbd_cdc_if.o
 .text.CDC_Control_FS
                0x000000000800a204       0xe4 ./USB_DEVICE/App/usbd_cdc_if.o
 .text.CDC_Receive_FS
                0x000000000800a2e8       0x5c ./USB_DEVICE/App/usbd_cdc_if.o
 .text.CDC_Transmit_FS
                0x000000000800a344       0x4c ./USB_DEVICE/App/usbd_cdc_if.o
                0x000000000800a344                CDC_Transmit_FS
 .text.CDC_TransmitCplt_FS
                0x000000000800a390       0x22 ./USB_DEVICE/App/usbd_cdc_if.o
 *fill*         0x000000000800a3b2        0x2 
 .text.USBD_FS_DeviceDescriptor
                0x000000000800a3b4       0x24 ./USB_DEVICE/App/usbd_desc.o
                0x000000000800a3b4                USBD_FS_DeviceDescriptor
 .text.USBD_FS_LangIDStrDescriptor
                0x000000000800a3d8       0x24 ./USB_DEVICE/App/usbd_desc.o
                0x000000000800a3d8                USBD_FS_LangIDStrDescriptor
 .text.USBD_FS_ProductStrDescriptor
                0x000000000800a3fc       0x3c ./USB_DEVICE/App/usbd_desc.o
                0x000000000800a3fc                USBD_FS_ProductStrDescriptor
 .text.USBD_FS_ManufacturerStrDescriptor
                0x000000000800a438       0x28 ./USB_DEVICE/App/usbd_desc.o
                0x000000000800a438                USBD_FS_ManufacturerStrDescriptor
 .text.USBD_FS_SerialStrDescriptor
                0x000000000800a460       0x24 ./USB_DEVICE/App/usbd_desc.o
                0x000000000800a460                USBD_FS_SerialStrDescriptor
 .text.USBD_FS_ConfigStrDescriptor
                0x000000000800a484       0x3c ./USB_DEVICE/App/usbd_desc.o
                0x000000000800a484                USBD_FS_ConfigStrDescriptor
 .text.USBD_FS_InterfaceStrDescriptor
                0x000000000800a4c0       0x3c ./USB_DEVICE/App/usbd_desc.o
                0x000000000800a4c0                USBD_FS_InterfaceStrDescriptor
 .text.Get_SerialNum
                0x000000000800a4fc       0x58 ./USB_DEVICE/App/usbd_desc.o
 .text.IntToUnicode
                0x000000000800a554       0x7e ./USB_DEVICE/App/usbd_desc.o
 *fill*         0x000000000800a5d2        0x2 
 .text.HAL_PCD_MspInit
                0x000000000800a5d4       0xa8 ./USB_DEVICE/Target/usbd_conf.o
                0x000000000800a5d4                HAL_PCD_MspInit
 .text.HAL_PCD_SetupStageCallback
                0x000000000800a67c       0x24 ./USB_DEVICE/Target/usbd_conf.o
                0x000000000800a67c                HAL_PCD_SetupStageCallback
 .text.HAL_PCD_DataOutStageCallback
                0x000000000800a6a0       0x36 ./USB_DEVICE/Target/usbd_conf.o
                0x000000000800a6a0                HAL_PCD_DataOutStageCallback
 .text.HAL_PCD_DataInStageCallback
                0x000000000800a6d6       0x34 ./USB_DEVICE/Target/usbd_conf.o
                0x000000000800a6d6                HAL_PCD_DataInStageCallback
 .text.HAL_PCD_SOFCallback
                0x000000000800a70a       0x1c ./USB_DEVICE/Target/usbd_conf.o
                0x000000000800a70a                HAL_PCD_SOFCallback
 .text.HAL_PCD_ResetCallback
                0x000000000800a726       0x50 ./USB_DEVICE/Target/usbd_conf.o
                0x000000000800a726                HAL_PCD_ResetCallback
 *fill*         0x000000000800a776        0x2 
 .text.HAL_PCD_SuspendCallback
                0x000000000800a778       0x4c ./USB_DEVICE/Target/usbd_conf.o
                0x000000000800a778                HAL_PCD_SuspendCallback
 .text.HAL_PCD_ResumeCallback
                0x000000000800a7c4       0x1c ./USB_DEVICE/Target/usbd_conf.o
                0x000000000800a7c4                HAL_PCD_ResumeCallback
 .text.HAL_PCD_ISOOUTIncompleteCallback
                0x000000000800a7e0       0x24 ./USB_DEVICE/Target/usbd_conf.o
                0x000000000800a7e0                HAL_PCD_ISOOUTIncompleteCallback
 .text.HAL_PCD_ISOINIncompleteCallback
                0x000000000800a804       0x24 ./USB_DEVICE/Target/usbd_conf.o
                0x000000000800a804                HAL_PCD_ISOINIncompleteCallback
 .text.HAL_PCD_ConnectCallback
                0x000000000800a828       0x1c ./USB_DEVICE/Target/usbd_conf.o
                0x000000000800a828                HAL_PCD_ConnectCallback
 .text.HAL_PCD_DisconnectCallback
                0x000000000800a844       0x1c ./USB_DEVICE/Target/usbd_conf.o
                0x000000000800a844                HAL_PCD_DisconnectCallback
 .text.USBD_LL_Init
                0x000000000800a860       0x98 ./USB_DEVICE/Target/usbd_conf.o
                0x000000000800a860                USBD_LL_Init
 .text.USBD_LL_Start
                0x000000000800a8f8       0x36 ./USB_DEVICE/Target/usbd_conf.o
                0x000000000800a8f8                USBD_LL_Start
 .text.USBD_LL_OpenEP
                0x000000000800a92e       0x4c ./USB_DEVICE/Target/usbd_conf.o
                0x000000000800a92e                USBD_LL_OpenEP
 .text.USBD_LL_CloseEP
                0x000000000800a97a       0x3e ./USB_DEVICE/Target/usbd_conf.o
                0x000000000800a97a                USBD_LL_CloseEP
 .text.USBD_LL_StallEP
                0x000000000800a9b8       0x3e ./USB_DEVICE/Target/usbd_conf.o
                0x000000000800a9b8                USBD_LL_StallEP
 .text.USBD_LL_ClearStallEP
                0x000000000800a9f6       0x3e ./USB_DEVICE/Target/usbd_conf.o
                0x000000000800a9f6                USBD_LL_ClearStallEP
 .text.USBD_LL_IsStallEP
                0x000000000800aa34       0x58 ./USB_DEVICE/Target/usbd_conf.o
                0x000000000800aa34                USBD_LL_IsStallEP
 .text.USBD_LL_SetUSBAddress
                0x000000000800aa8c       0x3e ./USB_DEVICE/Target/usbd_conf.o
                0x000000000800aa8c                USBD_LL_SetUSBAddress
 .text.USBD_LL_Transmit
                0x000000000800aaca       0x42 ./USB_DEVICE/Target/usbd_conf.o
                0x000000000800aaca                USBD_LL_Transmit
 .text.USBD_LL_PrepareReceive
                0x000000000800ab0c       0x42 ./USB_DEVICE/Target/usbd_conf.o
                0x000000000800ab0c                USBD_LL_PrepareReceive
 .text.USBD_LL_GetRxDataSize
                0x000000000800ab4e       0x26 ./USB_DEVICE/Target/usbd_conf.o
                0x000000000800ab4e                USBD_LL_GetRxDataSize
 .text.USBD_static_malloc
                0x000000000800ab74       0x1c ./USB_DEVICE/Target/usbd_conf.o
                0x000000000800ab74                USBD_static_malloc
 .text.USBD_static_free
                0x000000000800ab90       0x14 ./USB_DEVICE/Target/usbd_conf.o
                0x000000000800ab90                USBD_static_free
 .text.USBD_Get_USB_Status
                0x000000000800aba4       0x58 ./USB_DEVICE/Target/usbd_conf.o
                0x000000000800aba4                USBD_Get_USB_Status
 .text.atoi     0x000000000800abfc        0x8 d:/stm32cubeide_1.8.0/stm32cubeide/plugins/com.st.stm32cube.ide.mcu.externaltools.gnu-tools-for-stm32.9-2020-q2-update.win32_2.0.0.202105311346/tools/bin/../lib/gcc/arm-none-eabi/9.3.1/../../../../arm-none-eabi/lib/thumb/v7e-m+fp/hard\libc_nano.a(lib_a-atoi.o)
                0x000000000800abfc                atoi
 .text.__errno  0x000000000800ac04        0xc d:/stm32cubeide_1.8.0/stm32cubeide/plugins/com.st.stm32cube.ide.mcu.externaltools.gnu-tools-for-stm32.9-2020-q2-update.win32_2.0.0.202105311346/tools/bin/../lib/gcc/arm-none-eabi/9.3.1/../../../../arm-none-eabi/lib/thumb/v7e-m+fp/hard\libc_nano.a(lib_a-errno.o)
                0x000000000800ac04                __errno
 .text.std      0x000000000800ac10       0x48 d:/stm32cubeide_1.8.0/stm32cubeide/plugins/com.st.stm32cube.ide.mcu.externaltools.gnu-tools-for-stm32.9-2020-q2-update.win32_2.0.0.202105311346/tools/bin/../lib/gcc/arm-none-eabi/9.3.1/../../../../arm-none-eabi/lib/thumb/v7e-m+fp/hard\libc_nano.a(lib_a-findfp.o)
 .text._cleanup_r
                0x000000000800ac58        0xc d:/stm32cubeide_1.8.0/stm32cubeide/plugins/com.st.stm32cube.ide.mcu.externaltools.gnu-tools-for-stm32.9-2020-q2-update.win32_2.0.0.202105311346/tools/bin/../lib/gcc/arm-none-eabi/9.3.1/../../../../arm-none-eabi/lib/thumb/v7e-m+fp/hard\libc_nano.a(lib_a-findfp.o)
                0x000000000800ac58                _cleanup_r
 .text.__sfmoreglue
                0x000000000800ac64       0x2c d:/stm32cubeide_1.8.0/stm32cubeide/plugins/com.st.stm32cube.ide.mcu.externaltools.gnu-tools-for-stm32.9-2020-q2-update.win32_2.0.0.202105311346/tools/bin/../lib/gcc/arm-none-eabi/9.3.1/../../../../arm-none-eabi/lib/thumb/v7e-m+fp/hard\libc_nano.a(lib_a-findfp.o)
                0x000000000800ac64                __sfmoreglue
 .text.__sfp_lock_acquire
                0x000000000800ac90        0xc d:/stm32cubeide_1.8.0/stm32cubeide/plugins/com.st.stm32cube.ide.mcu.externaltools.gnu-tools-for-stm32.9-2020-q2-update.win32_2.0.0.202105311346/tools/bin/../lib/gcc/arm-none-eabi/9.3.1/../../../../arm-none-eabi/lib/thumb/v7e-m+fp/hard\libc_nano.a(lib_a-findfp.o)
                0x000000000800ac90                __sfp_lock_acquire
 .text.__sfp_lock_release
                0x000000000800ac9c        0xc d:/stm32cubeide_1.8.0/stm32cubeide/plugins/com.st.stm32cube.ide.mcu.externaltools.gnu-tools-for-stm32.9-2020-q2-update.win32_2.0.0.202105311346/tools/bin/../lib/gcc/arm-none-eabi/9.3.1/../../../../arm-none-eabi/lib/thumb/v7e-m+fp/hard\libc_nano.a(lib_a-findfp.o)
                0x000000000800ac9c                __sfp_lock_release
 .text.__sinit_lock_acquire
                0x000000000800aca8        0xc d:/stm32cubeide_1.8.0/stm32cubeide/plugins/com.st.stm32cube.ide.mcu.externaltools.gnu-tools-for-stm32.9-2020-q2-update.win32_2.0.0.202105311346/tools/bin/../lib/gcc/arm-none-eabi/9.3.1/../../../../arm-none-eabi/lib/thumb/v7e-m+fp/hard\libc_nano.a(lib_a-findfp.o)
                0x000000000800aca8                __sinit_lock_acquire
 .text.__sinit_lock_release
                0x000000000800acb4        0xc d:/stm32cubeide_1.8.0/stm32cubeide/plugins/com.st.stm32cube.ide.mcu.externaltools.gnu-tools-for-stm32.9-2020-q2-update.win32_2.0.0.202105311346/tools/bin/../lib/gcc/arm-none-eabi/9.3.1/../../../../arm-none-eabi/lib/thumb/v7e-m+fp/hard\libc_nano.a(lib_a-findfp.o)
                0x000000000800acb4                __sinit_lock_release
 .text.__sinit  0x000000000800acc0       0x70 d:/stm32cubeide_1.8.0/stm32cubeide/plugins/com.st.stm32cube.ide.mcu.externaltools.gnu-tools-for-stm32.9-2020-q2-update.win32_2.0.0.202105311346/tools/bin/../lib/gcc/arm-none-eabi/9.3.1/../../../../arm-none-eabi/lib/thumb/v7e-m+fp/hard\libc_nano.a(lib_a-findfp.o)
                0x000000000800acc0                __sinit
 .text.__sfp    0x000000000800ad30       0x8c d:/stm32cubeide_1.8.0/stm32cubeide/plugins/com.st.stm32cube.ide.mcu.externaltools.gnu-tools-for-stm32.9-2020-q2-update.win32_2.0.0.202105311346/tools/bin/../lib/gcc/arm-none-eabi/9.3.1/../../../../arm-none-eabi/lib/thumb/v7e-m+fp/hard\libc_nano.a(lib_a-findfp.o)
                0x000000000800ad30                __sfp
 .text._fwalk_reent
                0x000000000800adbc       0x3e d:/stm32cubeide_1.8.0/stm32cubeide/plugins/com.st.stm32cube.ide.mcu.externaltools.gnu-tools-for-stm32.9-2020-q2-update.win32_2.0.0.202105311346/tools/bin/../lib/gcc/arm-none-eabi/9.3.1/../../../../arm-none-eabi/lib/thumb/v7e-m+fp/hard\libc_nano.a(lib_a-fwalk.o)
                0x000000000800adbc                _fwalk_reent
 *fill*         0x000000000800adfa        0x2 
 .text.__libc_init_array
                0x000000000800adfc       0x48 d:/stm32cubeide_1.8.0/stm32cubeide/plugins/com.st.stm32cube.ide.mcu.externaltools.gnu-tools-for-stm32.9-2020-q2-update.win32_2.0.0.202105311346/tools/bin/../lib/gcc/arm-none-eabi/9.3.1/../../../../arm-none-eabi/lib/thumb/v7e-m+fp/hard\libc_nano.a(lib_a-init.o)
                0x000000000800adfc                __libc_init_array
 .text.__retarget_lock_init_recursive
                0x000000000800ae44        0x2 d:/stm32cubeide_1.8.0/stm32cubeide/plugins/com.st.stm32cube.ide.mcu.externaltools.gnu-tools-for-stm32.9-2020-q2-update.win32_2.0.0.202105311346/tools/bin/../lib/gcc/arm-none-eabi/9.3.1/../../../../arm-none-eabi/lib/thumb/v7e-m+fp/hard\libc_nano.a(lib_a-lock.o)
                0x000000000800ae44                __retarget_lock_init_recursive
 .text.__retarget_lock_acquire_recursive
                0x000000000800ae46        0x2 d:/stm32cubeide_1.8.0/stm32cubeide/plugins/com.st.stm32cube.ide.mcu.externaltools.gnu-tools-for-stm32.9-2020-q2-update.win32_2.0.0.202105311346/tools/bin/../lib/gcc/arm-none-eabi/9.3.1/../../../../arm-none-eabi/lib/thumb/v7e-m+fp/hard\libc_nano.a(lib_a-lock.o)
                0x000000000800ae46                __retarget_lock_acquire_recursive
 .text.__retarget_lock_release_recursive
                0x000000000800ae48        0x2 d:/stm32cubeide_1.8.0/stm32cubeide/plugins/com.st.stm32cube.ide.mcu.externaltools.gnu-tools-for-stm32.9-2020-q2-update.win32_2.0.0.202105311346/tools/bin/../lib/gcc/arm-none-eabi/9.3.1/../../../../arm-none-eabi/lib/thumb/v7e-m+fp/hard\libc_nano.a(lib_a-lock.o)
                0x000000000800ae48                __retarget_lock_release_recursive
 .text.memcmp   0x000000000800ae4a       0x1c d:/stm32cubeide_1.8.0/stm32cubeide/plugins/com.st.stm32cube.ide.mcu.externaltools.gnu-tools-for-stm32.9-2020-q2-update.win32_2.0.0.202105311346/tools/bin/../lib/gcc/arm-none-eabi/9.3.1/../../../../arm-none-eabi/lib/thumb/v7e-m+fp/hard\libc_nano.a(lib_a-memcmp.o)
                0x000000000800ae4a                memcmp
 .text.memcpy   0x000000000800ae66       0x1c d:/stm32cubeide_1.8.0/stm32cubeide/plugins/com.st.stm32cube.ide.mcu.externaltools.gnu-tools-for-stm32.9-2020-q2-update.win32_2.0.0.202105311346/tools/bin/../lib/gcc/arm-none-eabi/9.3.1/../../../../arm-none-eabi/lib/thumb/v7e-m+fp/hard\libc_nano.a(lib_a-memcpy-stub.o)
                0x000000000800ae66                memcpy
 .text.memset   0x000000000800ae82       0x10 d:/stm32cubeide_1.8.0/stm32cubeide/plugins/com.st.stm32cube.ide.mcu.externaltools.gnu-tools-for-stm32.9-2020-q2-update.win32_2.0.0.202105311346/tools/bin/../lib/gcc/arm-none-eabi/9.3.1/../../../../arm-none-eabi/lib/thumb/v7e-m+fp/hard\libc_nano.a(lib_a-memset.o)
                0x000000000800ae82                memset
 *fill*         0x000000000800ae92        0x2 
 .text._malloc_r
                0x000000000800ae94       0xb4 d:/stm32cubeide_1.8.0/stm32cubeide/plugins/com.st.stm32cube.ide.mcu.externaltools.gnu-tools-for-stm32.9-2020-q2-update.win32_2.0.0.202105311346/tools/bin/../lib/gcc/arm-none-eabi/9.3.1/../../../../arm-none-eabi/lib/thumb/v7e-m+fp/hard\libc_nano.a(lib_a-nano-mallocr.o)
                0x000000000800ae94                _malloc_r
 .text.printf   0x000000000800af48       0x30 d:/stm32cubeide_1.8.0/stm32cubeide/plugins/com.st.stm32cube.ide.mcu.externaltools.gnu-tools-for-stm32.9-2020-q2-update.win32_2.0.0.202105311346/tools/bin/../lib/gcc/arm-none-eabi/9.3.1/../../../../arm-none-eabi/lib/thumb/v7e-m+fp/hard\libc_nano.a(lib_a-printf.o)
                0x000000000800af48                iprintf
                0x000000000800af48                printf
 .text.cleanup_glue
                0x000000000800af78       0x1a d:/stm32cubeide_1.8.0/stm32cubeide/plugins/com.st.stm32cube.ide.mcu.externaltools.gnu-tools-for-stm32.9-2020-q2-update.win32_2.0.0.202105311346/tools/bin/../lib/gcc/arm-none-eabi/9.3.1/../../../../arm-none-eabi/lib/thumb/v7e-m+fp/hard\libc_nano.a(lib_a-reent.o)
                0x000000000800af78                cleanup_glue
 *fill*         0x000000000800af92        0x2 
 .text._reclaim_reent
                0x000000000800af94       0xb8 d:/stm32cubeide_1.8.0/stm32cubeide/plugins/com.st.stm32cube.ide.mcu.externaltools.gnu-tools-for-stm32.9-2020-q2-update.win32_2.0.0.202105311346/tools/bin/../lib/gcc/arm-none-eabi/9.3.1/../../../../arm-none-eabi/lib/thumb/v7e-m+fp/hard\libc_nano.a(lib_a-reent.o)
                0x000000000800af94                _reclaim_reent
 .text._sbrk_r  0x000000000800b04c       0x20 d:/stm32cubeide_1.8.0/stm32cubeide/plugins/com.st.stm32cube.ide.mcu.externaltools.gnu-tools-for-stm32.9-2020-q2-update.win32_2.0.0.202105311346/tools/bin/../lib/gcc/arm-none-eabi/9.3.1/../../../../arm-none-eabi/lib/thumb/v7e-m+fp/hard\libc_nano.a(lib_a-sbrkr.o)
                0x000000000800b04c                _sbrk_r
 .text.sprintf  0x000000000800b06c       0x40 d:/stm32cubeide_1.8.0/stm32cubeide/plugins/com.st.stm32cube.ide.mcu.externaltools.gnu-tools-for-stm32.9-2020-q2-update.win32_2.0.0.202105311346/tools/bin/../lib/gcc/arm-none-eabi/9.3.1/../../../../arm-none-eabi/lib/thumb/v7e-m+fp/hard\libc_nano.a(lib_a-sprintf.o)
                0x000000000800b06c                siprintf
                0x000000000800b06c                sprintf
 .text.__sread  0x000000000800b0ac       0x22 d:/stm32cubeide_1.8.0/stm32cubeide/plugins/com.st.stm32cube.ide.mcu.externaltools.gnu-tools-for-stm32.9-2020-q2-update.win32_2.0.0.202105311346/tools/bin/../lib/gcc/arm-none-eabi/9.3.1/../../../../arm-none-eabi/lib/thumb/v7e-m+fp/hard\libc_nano.a(lib_a-stdio.o)
                0x000000000800b0ac                __sread
 .text.__swrite
                0x000000000800b0ce       0x38 d:/stm32cubeide_1.8.0/stm32cubeide/plugins/com.st.stm32cube.ide.mcu.externaltools.gnu-tools-for-stm32.9-2020-q2-update.win32_2.0.0.202105311346/tools/bin/../lib/gcc/arm-none-eabi/9.3.1/../../../../arm-none-eabi/lib/thumb/v7e-m+fp/hard\libc_nano.a(lib_a-stdio.o)
                0x000000000800b0ce                __swrite
 .text.__sseek  0x000000000800b106       0x24 d:/stm32cubeide_1.8.0/stm32cubeide/plugins/com.st.stm32cube.ide.mcu.externaltools.gnu-tools-for-stm32.9-2020-q2-update.win32_2.0.0.202105311346/tools/bin/../lib/gcc/arm-none-eabi/9.3.1/../../../../arm-none-eabi/lib/thumb/v7e-m+fp/hard\libc_nano.a(lib_a-stdio.o)
                0x000000000800b106                __sseek
 .text.__sclose
                0x000000000800b12a        0x8 d:/stm32cubeide_1.8.0/stm32cubeide/plugins/com.st.stm32cube.ide.mcu.externaltools.gnu-tools-for-stm32.9-2020-q2-update.win32_2.0.0.202105311346/tools/bin/../lib/gcc/arm-none-eabi/9.3.1/../../../../arm-none-eabi/lib/thumb/v7e-m+fp/hard\libc_nano.a(lib_a-stdio.o)
                0x000000000800b12a                __sclose
 .text.strcat   0x000000000800b132       0x1e d:/stm32cubeide_1.8.0/stm32cubeide/plugins/com.st.stm32cube.ide.mcu.externaltools.gnu-tools-for-stm32.9-2020-q2-update.win32_2.0.0.202105311346/tools/bin/../lib/gcc/arm-none-eabi/9.3.1/../../../../arm-none-eabi/lib/thumb/v7e-m+fp/hard\libc_nano.a(lib_a-strcat.o)
                0x000000000800b132                strcat
 .text._strtol_l.isra.0
                0x000000000800b150      0x108 d:/stm32cubeide_1.8.0/stm32cubeide/plugins/com.st.stm32cube.ide.mcu.externaltools.gnu-tools-for-stm32.9-2020-q2-update.win32_2.0.0.202105311346/tools/bin/../lib/gcc/arm-none-eabi/9.3.1/../../../../arm-none-eabi/lib/thumb/v7e-m+fp/hard\libc_nano.a(lib_a-strtol.o)
 .text.strtol   0x000000000800b258       0x14 d:/stm32cubeide_1.8.0/stm32cubeide/plugins/com.st.stm32cube.ide.mcu.externaltools.gnu-tools-for-stm32.9-2020-q2-update.win32_2.0.0.202105311346/tools/bin/../lib/gcc/arm-none-eabi/9.3.1/../../../../arm-none-eabi/lib/thumb/v7e-m+fp/hard\libc_nano.a(lib_a-strtol.o)
                0x000000000800b258                strtol
 .text._write_r
                0x000000000800b26c       0x24 d:/stm32cubeide_1.8.0/stm32cubeide/plugins/com.st.stm32cube.ide.mcu.externaltools.gnu-tools-for-stm32.9-2020-q2-update.win32_2.0.0.202105311346/tools/bin/../lib/gcc/arm-none-eabi/9.3.1/../../../../arm-none-eabi/lib/thumb/v7e-m+fp/hard\libc_nano.a(lib_a-writer.o)
                0x000000000800b26c                _write_r
 .text._close_r
                0x000000000800b290       0x20 d:/stm32cubeide_1.8.0/stm32cubeide/plugins/com.st.stm32cube.ide.mcu.externaltools.gnu-tools-for-stm32.9-2020-q2-update.win32_2.0.0.202105311346/tools/bin/../lib/gcc/arm-none-eabi/9.3.1/../../../../arm-none-eabi/lib/thumb/v7e-m+fp/hard\libc_nano.a(lib_a-closer.o)
                0x000000000800b290                _close_r
 .text.__sflush_r
                0x000000000800b2b0      0x10c d:/stm32cubeide_1.8.0/stm32cubeide/plugins/com.st.stm32cube.ide.mcu.externaltools.gnu-tools-for-stm32.9-2020-q2-update.win32_2.0.0.202105311346/tools/bin/../lib/gcc/arm-none-eabi/9.3.1/../../../../arm-none-eabi/lib/thumb/v7e-m+fp/hard\libc_nano.a(lib_a-fflush.o)
                0x000000000800b2b0                __sflush_r
 .text._fflush_r
                0x000000000800b3bc       0x78 d:/stm32cubeide_1.8.0/stm32cubeide/plugins/com.st.stm32cube.ide.mcu.externaltools.gnu-tools-for-stm32.9-2020-q2-update.win32_2.0.0.202105311346/tools/bin/../lib/gcc/arm-none-eabi/9.3.1/../../../../arm-none-eabi/lib/thumb/v7e-m+fp/hard\libc_nano.a(lib_a-fflush.o)
                0x000000000800b3bc                _fflush_r
 .text._lseek_r
                0x000000000800b434       0x24 d:/stm32cubeide_1.8.0/stm32cubeide/plugins/com.st.stm32cube.ide.mcu.externaltools.gnu-tools-for-stm32.9-2020-q2-update.win32_2.0.0.202105311346/tools/bin/../lib/gcc/arm-none-eabi/9.3.1/../../../../arm-none-eabi/lib/thumb/v7e-m+fp/hard\libc_nano.a(lib_a-lseekr.o)
                0x000000000800b434                _lseek_r
 .text.__malloc_lock
                0x000000000800b458        0xc d:/stm32cubeide_1.8.0/stm32cubeide/plugins/com.st.stm32cube.ide.mcu.externaltools.gnu-tools-for-stm32.9-2020-q2-update.win32_2.0.0.202105311346/tools/bin/../lib/gcc/arm-none-eabi/9.3.1/../../../../arm-none-eabi/lib/thumb/v7e-m+fp/hard\libc_nano.a(lib_a-mlock.o)
                0x000000000800b458                __malloc_lock
 .text.__malloc_unlock
                0x000000000800b464        0xc d:/stm32cubeide_1.8.0/stm32cubeide/plugins/com.st.stm32cube.ide.mcu.externaltools.gnu-tools-for-stm32.9-2020-q2-update.win32_2.0.0.202105311346/tools/bin/../lib/gcc/arm-none-eabi/9.3.1/../../../../arm-none-eabi/lib/thumb/v7e-m+fp/hard\libc_nano.a(lib_a-mlock.o)
                0x000000000800b464                __malloc_unlock
 .text._free_r  0x000000000800b470       0xa0 d:/stm32cubeide_1.8.0/stm32cubeide/plugins/com.st.stm32cube.ide.mcu.externaltools.gnu-tools-for-stm32.9-2020-q2-update.win32_2.0.0.202105311346/tools/bin/../lib/gcc/arm-none-eabi/9.3.1/../../../../arm-none-eabi/lib/thumb/v7e-m+fp/hard\libc_nano.a(lib_a-nano-freer.o)
                0x000000000800b470                _free_r
 .text.__ssputs_r
                0x000000000800b510       0xb6 d:/stm32cubeide_1.8.0/stm32cubeide/plugins/com.st.stm32cube.ide.mcu.externaltools.gnu-tools-for-stm32.9-2020-q2-update.win32_2.0.0.202105311346/tools/bin/../lib/gcc/arm-none-eabi/9.3.1/../../../../arm-none-eabi/lib/thumb/v7e-m+fp/hard\libc_nano.a(lib_a-nano-svfprintf.o)
                0x000000000800b510                __ssputs_r
 *fill*         0x000000000800b5c6        0x2 
 .text._svfprintf_r
                0x000000000800b5c8      0x200 d:/stm32cubeide_1.8.0/stm32cubeide/plugins/com.st.stm32cube.ide.mcu.externaltools.gnu-tools-for-stm32.9-2020-q2-update.win32_2.0.0.202105311346/tools/bin/../lib/gcc/arm-none-eabi/9.3.1/../../../../arm-none-eabi/lib/thumb/v7e-m+fp/hard\libc_nano.a(lib_a-nano-svfprintf.o)
                0x000000000800b5c8                _svfiprintf_r
                0x000000000800b5c8                _svfprintf_r
 .text.__sfputc_r
                0x000000000800b7c8       0x2e d:/stm32cubeide_1.8.0/stm32cubeide/plugins/com.st.stm32cube.ide.mcu.externaltools.gnu-tools-for-stm32.9-2020-q2-update.win32_2.0.0.202105311346/tools/bin/../lib/gcc/arm-none-eabi/9.3.1/../../../../arm-none-eabi/lib/thumb/v7e-m+fp/hard\libc_nano.a(lib_a-nano-vfprintf.o)
 .text.__sfputs_r
                0x000000000800b7f6       0x24 d:/stm32cubeide_1.8.0/stm32cubeide/plugins/com.st.stm32cube.ide.mcu.externaltools.gnu-tools-for-stm32.9-2020-q2-update.win32_2.0.0.202105311346/tools/bin/../lib/gcc/arm-none-eabi/9.3.1/../../../../arm-none-eabi/lib/thumb/v7e-m+fp/hard\libc_nano.a(lib_a-nano-vfprintf.o)
                0x000000000800b7f6                __sfputs_r
 *fill*         0x000000000800b81a        0x2 
 .text._vfprintf_r
                0x000000000800b81c      0x260 d:/stm32cubeide_1.8.0/stm32cubeide/plugins/com.st.stm32cube.ide.mcu.externaltools.gnu-tools-for-stm32.9-2020-q2-update.win32_2.0.0.202105311346/tools/bin/../lib/gcc/arm-none-eabi/9.3.1/../../../../arm-none-eabi/lib/thumb/v7e-m+fp/hard\libc_nano.a(lib_a-nano-vfprintf.o)
                0x000000000800b81c                _vfprintf_r
                0x000000000800b81c                _vfiprintf_r
 .text._printf_common
                0x000000000800ba7c       0xda d:/stm32cubeide_1.8.0/stm32cubeide/plugins/com.st.stm32cube.ide.mcu.externaltools.gnu-tools-for-stm32.9-2020-q2-update.win32_2.0.0.202105311346/tools/bin/../lib/gcc/arm-none-eabi/9.3.1/../../../../arm-none-eabi/lib/thumb/v7e-m+fp/hard\libc_nano.a(lib_a-nano-vfprintf_i.o)
                0x000000000800ba7c                _printf_common
 *fill*         0x000000000800bb56        0x2 
 .text._printf_i
                0x000000000800bb58      0x24c d:/stm32cubeide_1.8.0/stm32cubeide/plugins/com.st.stm32cube.ide.mcu.externaltools.gnu-tools-for-stm32.9-2020-q2-update.win32_2.0.0.202105311346/tools/bin/../lib/gcc/arm-none-eabi/9.3.1/../../../../arm-none-eabi/lib/thumb/v7e-m+fp/hard\libc_nano.a(lib_a-nano-vfprintf_i.o)
                0x000000000800bb58                _printf_i
 .text._read_r  0x000000000800bda4       0x24 d:/stm32cubeide_1.8.0/stm32cubeide/plugins/com.st.stm32cube.ide.mcu.externaltools.gnu-tools-for-stm32.9-2020-q2-update.win32_2.0.0.202105311346/tools/bin/../lib/gcc/arm-none-eabi/9.3.1/../../../../arm-none-eabi/lib/thumb/v7e-m+fp/hard\libc_nano.a(lib_a-readr.o)
                0x000000000800bda4                _read_r
 .text.__swbuf_r
                0x000000000800bdc8       0xa4 d:/stm32cubeide_1.8.0/stm32cubeide/plugins/com.st.stm32cube.ide.mcu.externaltools.gnu-tools-for-stm32.9-2020-q2-update.win32_2.0.0.202105311346/tools/bin/../lib/gcc/arm-none-eabi/9.3.1/../../../../arm-none-eabi/lib/thumb/v7e-m+fp/hard\libc_nano.a(lib_a-wbuf.o)
                0x000000000800bdc8                __swbuf_r
 .text.__swsetup_r
                0x000000000800be6c       0xdc d:/stm32cubeide_1.8.0/stm32cubeide/plugins/com.st.stm32cube.ide.mcu.externaltools.gnu-tools-for-stm32.9-2020-q2-update.win32_2.0.0.202105311346/tools/bin/../lib/gcc/arm-none-eabi/9.3.1/../../../../arm-none-eabi/lib/thumb/v7e-m+fp/hard\libc_nano.a(lib_a-wsetup.o)
                0x000000000800be6c                __swsetup_r
 .text.__swhatbuf_r
                0x000000000800bf48       0x48 d:/stm32cubeide_1.8.0/stm32cubeide/plugins/com.st.stm32cube.ide.mcu.externaltools.gnu-tools-for-stm32.9-2020-q2-update.win32_2.0.0.202105311346/tools/bin/../lib/gcc/arm-none-eabi/9.3.1/../../../../arm-none-eabi/lib/thumb/v7e-m+fp/hard\libc_nano.a(lib_a-makebuf.o)
                0x000000000800bf48                __swhatbuf_r
 .text.__smakebuf_r
                0x000000000800bf90       0x80 d:/stm32cubeide_1.8.0/stm32cubeide/plugins/com.st.stm32cube.ide.mcu.externaltools.gnu-tools-for-stm32.9-2020-q2-update.win32_2.0.0.202105311346/tools/bin/../lib/gcc/arm-none-eabi/9.3.1/../../../../arm-none-eabi/lib/thumb/v7e-m+fp/hard\libc_nano.a(lib_a-makebuf.o)
                0x000000000800bf90                __smakebuf_r
 .text.memmove  0x000000000800c010       0x34 d:/stm32cubeide_1.8.0/stm32cubeide/plugins/com.st.stm32cube.ide.mcu.externaltools.gnu-tools-for-stm32.9-2020-q2-update.win32_2.0.0.202105311346/tools/bin/../lib/gcc/arm-none-eabi/9.3.1/../../../../arm-none-eabi/lib/thumb/v7e-m+fp/hard\libc_nano.a(lib_a-memmove.o)
                0x000000000800c010                memmove
 .text._realloc_r
                0x000000000800c044       0x4c d:/stm32cubeide_1.8.0/stm32cubeide/plugins/com.st.stm32cube.ide.mcu.externaltools.gnu-tools-for-stm32.9-2020-q2-update.win32_2.0.0.202105311346/tools/bin/../lib/gcc/arm-none-eabi/9.3.1/../../../../arm-none-eabi/lib/thumb/v7e-m+fp/hard\libc_nano.a(lib_a-nano-reallocr.o)
                0x000000000800c044                _realloc_r
 .text._fstat_r
                0x000000000800c090       0x24 d:/stm32cubeide_1.8.0/stm32cubeide/plugins/com.st.stm32cube.ide.mcu.externaltools.gnu-tools-for-stm32.9-2020-q2-update.win32_2.0.0.202105311346/tools/bin/../lib/gcc/arm-none-eabi/9.3.1/../../../../arm-none-eabi/lib/thumb/v7e-m+fp/hard\libc_nano.a(lib_a-fstatr.o)
                0x000000000800c090                _fstat_r
 .text._isatty_r
                0x000000000800c0b4       0x20 d:/stm32cubeide_1.8.0/stm32cubeide/plugins/com.st.stm32cube.ide.mcu.externaltools.gnu-tools-for-stm32.9-2020-q2-update.win32_2.0.0.202105311346/tools/bin/../lib/gcc/arm-none-eabi/9.3.1/../../../../arm-none-eabi/lib/thumb/v7e-m+fp/hard\libc_nano.a(lib_a-isattyr.o)
                0x000000000800c0b4                _isatty_r
 .text._malloc_usable_size_r
                0x000000000800c0d4       0x10 d:/stm32cubeide_1.8.0/stm32cubeide/plugins/com.st.stm32cube.ide.mcu.externaltools.gnu-tools-for-stm32.9-2020-q2-update.win32_2.0.0.202105311346/tools/bin/../lib/gcc/arm-none-eabi/9.3.1/../../../../arm-none-eabi/lib/thumb/v7e-m+fp/hard\libc_nano.a(lib_a-nano-msizer.o)
                0x000000000800c0d4                _malloc_usable_size_r
 *(.glue_7)
 .glue_7        0x000000000800c0e4        0x0 linker stubs
 *(.glue_7t)
 .glue_7t       0x000000000800c0e4        0x0 linker stubs
 *(.eh_frame)
 .eh_frame      0x000000000800c0e4        0x0 d:/stm32cubeide_1.8.0/stm32cubeide/plugins/com.st.stm32cube.ide.mcu.externaltools.gnu-tools-for-stm32.9-2020-q2-update.win32_2.0.0.202105311346/tools/bin/../lib/gcc/arm-none-eabi/9.3.1/thumb/v7e-m+fp/hard/crtbegin.o
 *(.init)
 .init          0x000000000800c0e4        0x4 d:/stm32cubeide_1.8.0/stm32cubeide/plugins/com.st.stm32cube.ide.mcu.externaltools.gnu-tools-for-stm32.9-2020-q2-update.win32_2.0.0.202105311346/tools/bin/../lib/gcc/arm-none-eabi/9.3.1/thumb/v7e-m+fp/hard/crti.o
                0x000000000800c0e4                _init
 .init          0x000000000800c0e8        0x8 d:/stm32cubeide_1.8.0/stm32cubeide/plugins/com.st.stm32cube.ide.mcu.externaltools.gnu-tools-for-stm32.9-2020-q2-update.win32_2.0.0.202105311346/tools/bin/../lib/gcc/arm-none-eabi/9.3.1/thumb/v7e-m+fp/hard/crtn.o
 *(.fini)
 .fini          0x000000000800c0f0        0x4 d:/stm32cubeide_1.8.0/stm32cubeide/plugins/com.st.stm32cube.ide.mcu.externaltools.gnu-tools-for-stm32.9-2020-q2-update.win32_2.0.0.202105311346/tools/bin/../lib/gcc/arm-none-eabi/9.3.1/thumb/v7e-m+fp/hard/crti.o
                0x000000000800c0f0                _fini
 .fini          0x000000000800c0f4        0x8 d:/stm32cubeide_1.8.0/stm32cubeide/plugins/com.st.stm32cube.ide.mcu.externaltools.gnu-tools-for-stm32.9-2020-q2-update.win32_2.0.0.202105311346/tools/bin/../lib/gcc/arm-none-eabi/9.3.1/thumb/v7e-m+fp/hard/crtn.o
                0x000000000800c0fc                . = ALIGN (0x4)
                0x000000000800c0fc                _etext = .

.vfp11_veneer   0x000000000800c0fc        0x0
 .vfp11_veneer  0x000000000800c0fc        0x0 linker stubs

.v4_bx          0x000000000800c0fc        0x0
 .v4_bx         0x000000000800c0fc        0x0 linker stubs

.iplt           0x000000000800c0fc        0x0
 .iplt          0x000000000800c0fc        0x0 d:/stm32cubeide_1.8.0/stm32cubeide/plugins/com.st.stm32cube.ide.mcu.externaltools.gnu-tools-for-stm32.9-2020-q2-update.win32_2.0.0.202105311346/tools/bin/../lib/gcc/arm-none-eabi/9.3.1/thumb/v7e-m+fp/hard/crtbegin.o

.rodata         0x000000000800c0fc      0x3d8
                0x000000000800c0fc                . = ALIGN (0x4)
 *(.rodata)
 .rodata        0x000000000800c0fc       0x7f ./Core/Src/main.o
 *fill*         0x000000000800c17b        0x1 
 .rodata        0x000000000800c17c        0x5 ./Middlewares/Third_Party/FreeRTOS/Source/tasks.o
 *fill*         0x000000000800c181        0x3 
 .rodata        0x000000000800c184        0xd ./Middlewares/Third_Party/FreeRTOS/Source/timers.o
 *fill*         0x000000000800c191        0x3 
 .rodata        0x000000000800c194       0x46 ./USB_DEVICE/App/usbd_desc.o
 *(.rodata*)
 *fill*         0x000000000800c1da        0x2 
 .rodata.READ_CMD
                0x000000000800c1dc        0x5 ./Core/Src/main.o
                0x000000000800c1dc                READ_CMD