main.c:135:5:_write	24	static
main.c:159:5:main	8	static
main.c:261:6:SystemClock_Config	88	static
main.c:309:13:MX_IWDG_Init	8	static
main.c:337:13:MX_GPIO_Init	48	static
main.c:372:6:CMD_Split	48	static
main.c:466:6:Execute_CMD	48	static
main.c:503:12:CMD_Error_Handler	24	static
main.c:549:6:StartDefaultTask	88	static
main.c:588:6:QueuePush	16	static
main.c:615:6:CMD_Resp	48	static
main.c:639:6:IWDG_Feed	16	static
main.c:666:6:HAL_TIM_PeriodElapsedCallback	16	static
main.c:683:6:Error_Handler	4	static,ignoring_inline_asm
